DEBUG - 2026-09-20 14:46:45 --> Session: Class initialized using 'CodeIgniter\Session\Handlers\FileHandler' driver.
DEBUG - 2026-09-20 14:49:02 --> Session: Class initialized using 'CodeIgniter\Session\Handlers\FileHandler' driver.
DEBUG - 2026-09-20 14:49:03 --> Session: Class initialized using 'CodeIgniter\Session\Handlers\FileHandler' driver.
DEBUG - 2026-09-20 14:49:07 --> Session: Class initialized using 'CodeIgniter\Session\Handlers\FileHandler' driver.
DEBUG - 2026-09-20 14:49:08 --> Session: Class initialized using 'CodeIgniter\Session\Handlers\FileHandler' driver.
DEBUG - 2026-09-20 14:49:24 --> Session: Class initialized using 'CodeIgniter\Session\Handlers\FileHandler' driver.
DEBUG - 2026-09-20 14:49:54 --> Session: Class initialized using 'CodeIgniter\Session\Handlers\FileHandler' driver.
CRITICAL - 2026-09-20 15:12:58 --> ErrorException: Undefined array key "image_path"
[Method: GET, Route: /]
in APPPATH\Views\frontend\home.php on line 121.
 1 APPPATH\Views\frontend\home.php(121): CodeIgniter\Debug\Exceptions->errorHandler(2, 'Undefined array key "image_path"', 'C:\\project\\new_perumahan\\app\\Views\\frontend\\home.php', 121)
 2 SYSTEMPATH\View\View.php(240): include('C:\\project\\new_perumahan\\app\\Views\\frontend\\home.php')
 3 SYSTEMPATH\View\View.php(243): CodeIgniter\View\View->{closure:CodeIgniter\View\View::render():237}()
 4 SYSTEMPATH\Common.php(1268): CodeIgniter\View\View->render('frontend/home', [], true)
 5 APPPATH\Controllers\Home.php(68): view('frontend/home', [...])
 6 SYSTEMPATH\CodeIgniter.php(974): App\Controllers\Home->index()
 7 SYSTEMPATH\CodeIgniter.php(520): CodeIgniter\CodeIgniter->runController(Object(App\Controllers\Home))
 8 SYSTEMPATH\CodeIgniter.php(363): CodeIgniter\CodeIgniter->handleRequest(null, Object(Config\Cache), false)
 9 SYSTEMPATH\Boot.php(417): CodeIgniter\CodeIgniter->run()
10 SYSTEMPATH\Boot.php(68): CodeIgniter\Boot::runCodeIgniter(Object(CodeIgniter\CodeIgniter))
11 FCPATH\index.php(59): CodeIgniter\Boot::bootWeb(Object(Config\Paths))
CRITICAL - 2026-09-20 15:13:32 --> ErrorException: Undefined variable $companyWa
[Method: GET, Route: /]
in APPPATH\Views\frontend\home.php on line 165.
 1 APPPATH\Views\frontend\home.php(165): CodeIgniter\Debug\Exceptions->errorHandler(2, 'Undefined variable $companyWa', 'C:\\project\\new_perumahan\\app\\Views\\frontend\\home.php', 165)
 2 SYSTEMPATH\View\View.php(240): include('C:\\project\\new_perumahan\\app\\Views\\frontend\\home.php')
 3 SYSTEMPATH\View\View.php(243): CodeIgniter\View\View->{closure:CodeIgniter\View\View::render():237}()
 4 SYSTEMPATH\Common.php(1268): CodeIgniter\View\View->render('frontend/home', [], true)
 5 APPPATH\Controllers\Home.php(68): view('frontend/home', [...])
 6 SYSTEMPATH\CodeIgniter.php(974): App\Controllers\Home->index()
 7 SYSTEMPATH\CodeIgniter.php(520): CodeIgniter\CodeIgniter->runController(Object(App\Controllers\Home))
 8 SYSTEMPATH\CodeIgniter.php(363): CodeIgniter\CodeIgniter->handleRequest(null, Object(Config\Cache), false)
 9 SYSTEMPATH\Boot.php(417): CodeIgniter\CodeIgniter->run()
10 SYSTEMPATH\Boot.php(68): CodeIgniter\Boot::runCodeIgniter(Object(CodeIgniter\CodeIgniter))
11 FCPATH\index.php(59): CodeIgniter\Boot::bootWeb(Object(Config\Paths))
DEBUG - 2026-09-20 15:27:46 --> Session: Class initialized using 'CodeIgniter\Session\Handlers\FileHandler' driver.
DEBUG - 2026-09-20 15:28:50 --> Session: Class initialized using 'CodeIgniter\Session\Handlers\FileHandler' driver.
DEBUG - 2026-09-20 15:28:56 --> Session: Class initialized using 'CodeIgniter\Session\Handlers\FileHandler' driver.
DEBUG - 2026-09-20 15:29:00 --> Session: Class initialized using 'CodeIgniter\Session\Handlers\FileHandler' driver.
DEBUG - 2026-09-20 15:29:04 --> Session: Class initialized using 'CodeIgniter\Session\Handlers\FileHandler' driver.
DEBUG - 2026-09-20 15:29:20 --> Session: Class initialized using 'CodeIgniter\Session\Handlers\FileHandler' driver.
DEBUG - 2026-09-20 15:29:21 --> Session: Class initialized using 'CodeIgniter\Session\Handlers\FileHandler' driver.
DEBUG - 2026-09-20 15:29:36 --> Session: Class initialized using 'CodeIgniter\Session\Handlers\FileHandler' driver.
DEBUG - 2026-09-20 15:30:17 --> Session: Class initialized using 'CodeIgniter\Session\Handlers\FileHandler' driver.
DEBUG - 2026-09-20 15:30:24 --> Session: Class initialized using 'CodeIgniter\Session\Handlers\FileHandler' driver.
DEBUG - 2026-09-20 15:30:25 --> Session: Class initialized using 'CodeIgniter\Session\Handlers\FileHandler' driver.
DEBUG - 2026-09-20 15:33:42 --> Session: Class initialized using 'CodeIgniter\Session\Handlers\FileHandler' driver.
DEBUG - 2026-09-20 15:33:48 --> Session: Class initialized using 'CodeIgniter\Session\Handlers\FileHandler' driver.
DEBUG - 2026-09-20 15:33:49 --> Session: Class initialized using 'CodeIgniter\Session\Handlers\FileHandler' driver.
DEBUG - 2026-09-20 15:34:12 --> Session: Class initialized using 'CodeIgniter\Session\Handlers\FileHandler' driver.
DEBUG - 2026-09-20 15:34:50 --> Session: Class initialized using 'CodeIgniter\Session\Handlers\FileHandler' driver.
DEBUG - 2026-09-20 15:35:25 --> Session: Class initialized using 'CodeIgniter\Session\Handlers\FileHandler' driver.
DEBUG - 2026-09-20 15:35:32 --> Session: Class initialized using 'CodeIgniter\Session\Handlers\FileHandler' driver.
DEBUG - 2026-09-20 15:35:33 --> Session: Class initialized using 'CodeIgniter\Session\Handlers\FileHandler' driver.
DEBUG - 2026-09-20 15:36:41 --> Session: Class initialized using 'CodeIgniter\Session\Handlers\FileHandler' driver.
DEBUG - 2026-09-20 15:37:17 --> Session: Class initialized using 'CodeIgniter\Session\Handlers\FileHandler' driver.
DEBUG - 2026-09-20 15:37:23 --> Session: Class initialized using 'CodeIgniter\Session\Handlers\FileHandler' driver.
DEBUG - 2026-09-20 15:47:34 --> Session: Class initialized using 'CodeIgniter\Session\Handlers\FileHandler' driver.
DEBUG - 2026-09-20 15:47:40 --> Session: Class initialized using 'CodeIgniter\Session\Handlers\FileHandler' driver.
DEBUG - 2026-09-20 15:47:43 --> Session: Class initialized using 'CodeIgniter\Session\Handlers\FileHandler' driver.
DEBUG - 2026-09-20 15:47:49 --> Session: Class initialized using 'CodeIgniter\Session\Handlers\FileHandler' driver.
DEBUG - 2026-09-20 15:58:39 --> Session: Class initialized using 'CodeIgniter\Session\Handlers\FileHandler' driver.
DEBUG - 2026-09-20 15:58:43 --> Session: Class initialized using 'CodeIgniter\Session\Handlers\FileHandler' driver.
DEBUG - 2026-09-20 15:59:48 --> Session: Class initialized using 'CodeIgniter\Session\Handlers\FileHandler' driver.
DEBUG - 2026-09-20 16:04:06 --> Session: Class initialized using 'CodeIgniter\Session\Handlers\FileHandler' driver.
DEBUG - 2026-09-20 16:04:10 --> Session: Class initialized using 'CodeIgniter\Session\Handlers\FileHandler' driver.
DEBUG - 2026-09-20 16:04:16 --> Session: Class initialized using 'CodeIgniter\Session\Handlers\FileHandler' driver.
DEBUG - 2026-09-20 16:04:19 --> Session: Class initialized using 'CodeIgniter\Session\Handlers\FileHandler' driver.
DEBUG - 2026-09-20 16:07:01 --> Session: Class initialized using 'CodeIgniter\Session\Handlers\FileHandler' driver.
DEBUG - 2026-09-20 16:07:07 --> Session: Class initialized using 'CodeIgniter\Session\Handlers\FileHandler' driver.
DEBUG - 2026-09-20 16:07:21 --> Session: Class initialized using 'CodeIgniter\Session\Handlers\FileHandler' driver.
DEBUG - 2026-09-20 16:07:37 --> Session: Class initialized using 'CodeIgniter\Session\Handlers\FileHandler' driver.
DEBUG - 2026-09-20 16:14:08 --> Session: Class initialized using 'CodeIgniter\Session\Handlers\FileHandler' driver.
DEBUG - 2026-09-20 16:14:13 --> Session: Class initialized using 'CodeIgniter\Session\Handlers\FileHandler' driver.
DEBUG - 2026-09-20 16:14:18 --> Session: Class initialized using 'CodeIgniter\Session\Handlers\FileHandler' driver.
DEBUG - 2026-09-20 16:20:14 --> Session: Class initialized using 'CodeIgniter\Session\Handlers\FileHandler' driver.
DEBUG - 2026-09-20 16:20:25 --> Session: Class initialized using 'CodeIgniter\Session\Handlers\FileHandler' driver.
DEBUG - 2026-09-20 16:24:01 --> Session: Class initialized using 'CodeIgniter\Session\Handlers\FileHandler' driver.
DEBUG - 2026-09-20 16:24:06 --> Session: Class initialized using 'CodeIgniter\Session\Handlers\FileHandler' driver.
DEBUG - 2026-09-20 16:24:07 --> Session: Class initialized using 'CodeIgniter\Session\Handlers\FileHandler' driver.
DEBUG - 2026-09-20 16:24:08 --> Session: Class initialized using 'CodeIgniter\Session\Handlers\FileHandler' driver.
DEBUG - 2026-09-20 16:24:38 --> Session: Class initialized using 'CodeIgniter\Session\Handlers\FileHandler' driver.
DEBUG - 2026-09-20 16:24:43 --> Session: Class initialized using 'CodeIgniter\Session\Handlers\FileHandler' driver.
DEBUG - 2026-09-20 16:24:55 --> Session: Class initialized using 'CodeIgniter\Session\Handlers\FileHandler' driver.
DEBUG - 2026-09-20 16:25:02 --> Session: Class initialized using 'CodeIgniter\Session\Handlers\FileHandler' driver.
DEBUG - 2026-09-20 16:25:03 --> Session: Class initialized using 'CodeIgniter\Session\Handlers\FileHandler' driver.
DEBUG - 2026-09-20 16:25:08 --> Session: Class initialized using 'CodeIgniter\Session\Handlers\FileHandler' driver.
DEBUG - 2026-09-20 16:25:17 --> Session: Class initialized using 'CodeIgniter\Session\Handlers\FileHandler' driver.
DEBUG - 2026-09-20 16:25:18 --> Session: Class initialized using 'CodeIgniter\Session\Handlers\FileHandler' driver.
DEBUG - 2026-09-20 16:25:22 --> Session: Class initialized using 'CodeIgniter\Session\Handlers\FileHandler' driver.
DEBUG - 2026-09-20 16:27:38 --> Session: Class initialized using 'CodeIgniter\Session\Handlers\FileHandler' driver.
DEBUG - 2026-09-20 16:28:39 --> Session: Class initialized using 'CodeIgniter\Session\Handlers\FileHandler' driver.
DEBUG - 2026-09-20 16:29:31 --> Session: Class initialized using 'CodeIgniter\Session\Handlers\FileHandler' driver.
DEBUG - 2026-09-20 16:29:39 --> Session: Class initialized using 'CodeIgniter\Session\Handlers\FileHandler' driver.
DEBUG - 2026-09-20 16:29:39 --> Session: Class initialized using 'CodeIgniter\Session\Handlers\FileHandler' driver.
DEBUG - 2026-09-20 16:29:47 --> Session: Class initialized using 'CodeIgniter\Session\Handlers\FileHandler' driver.
DEBUG - 2026-09-20 16:29:51 --> Session: Class initialized using 'CodeIgniter\Session\Handlers\FileHandler' driver.
DEBUG - 2026-09-20 16:30:12 --> Session: Class initialized using 'CodeIgniter\Session\Handlers\FileHandler' driver.
WARNING - 2026-09-20 16:30:36 --> [DEPRECATED] Function curl_close() is deprecated since 8.5, as it has no effect since PHP 8.0 in APPPATH\Controllers\Chat.php on line 183.
 1 APPPATH\Controllers\Chat.php(87): App\Controllers\Chat->callN8nWebhook('https://ercy.app.n8n.cloud/webhook/chat', 'bisakah kita atur jadwal?', 'budi', [], [...])
 2 SYSTEMPATH\CodeIgniter.php(974): App\Controllers\Chat->send()
 3 SYSTEMPATH\CodeIgniter.php(520): CodeIgniter\CodeIgniter->runController(Object(App\Controllers\Chat))
 4 SYSTEMPATH\CodeIgniter.php(363): CodeIgniter\CodeIgniter->handleRequest(null, Object(Config\Cache), false)
 5 SYSTEMPATH\Boot.php(417): CodeIgniter\CodeIgniter->run()
 6 SYSTEMPATH\Boot.php(68): CodeIgniter\Boot::runCodeIgniter(Object(CodeIgniter\CodeIgniter))
 7 FCPATH\index.php(59): CodeIgniter\Boot::bootWeb(Object(Config\Paths))
 8 SYSTEMPATH\rewrite.php(44): require_once('C:\\project\\new_perumahan\\public\\index.php')
ERROR - 2026-09-20 16:30:36 --> n8n Webhook Error: HTTP 500 - {"message":"Error in workflow"}
WARNING - 2026-09-20 16:30:36 --> n8n chat webhook failed: HTTP 500: {"message":"Error in workflow"}
DEBUG - 2026-09-20 16:30:36 --> Session: Class initialized using 'CodeIgniter\Session\Handlers\FileHandler' driver.
WARNING - 2026-09-20 16:30:52 --> [DEPRECATED] Function curl_close() is deprecated since 8.5, as it has no effect since PHP 8.0 in APPPATH\Controllers\Chat.php on line 183.
 1 APPPATH\Controllers\Chat.php(87): App\Controllers\Chat->callN8nWebhook('https://ercy.app.n8n.cloud/webhook/chat', 'Simulasi & Syarat KPR', 'budi', [], [...])
 2 SYSTEMPATH\CodeIgniter.php(974): App\Controllers\Chat->send()
 3 SYSTEMPATH\CodeIgniter.php(520): CodeIgniter\CodeIgniter->runController(Object(App\Controllers\Chat))
 4 SYSTEMPATH\CodeIgniter.php(363): CodeIgniter\CodeIgniter->handleRequest(null, Object(Config\Cache), false)
 5 SYSTEMPATH\Boot.php(417): CodeIgniter\CodeIgniter->run()
 6 SYSTEMPATH\Boot.php(68): CodeIgniter\Boot::runCodeIgniter(Object(CodeIgniter\CodeIgniter))
 7 FCPATH\index.php(59): CodeIgniter\Boot::bootWeb(Object(Config\Paths))
 8 SYSTEMPATH\rewrite.php(44): require_once('C:\\project\\new_perumahan\\public\\index.php')
ERROR - 2026-09-20 16:30:52 --> n8n Webhook Error: HTTP 500 - {"message":"Error in workflow"}
WARNING - 2026-09-20 16:30:52 --> n8n chat webhook failed: HTTP 500: {"message":"Error in workflow"}
DEBUG - 2026-09-20 16:30:52 --> Session: Class initialized using 'CodeIgniter\Session\Handlers\FileHandler' driver.
DEBUG - 2026-09-20 17:42:26 --> Session: Class initialized using 'CodeIgniter\Session\Handlers\FileHandler' driver.
DEBUG - 2026-09-20 17:42:41 --> Session: Class initialized using 'CodeIgniter\Session\Handlers\FileHandler' driver.
DEBUG - 2026-09-20 17:42:49 --> Session: Class initialized using 'CodeIgniter\Session\Handlers\FileHandler' driver.
DEBUG - 2026-09-20 17:43:30 --> Session: Class initialized using 'CodeIgniter\Session\Handlers\FileHandler' driver.
DEBUG - 2026-09-20 17:43:34 --> Session: Class initialized using 'CodeIgniter\Session\Handlers\FileHandler' driver.
DEBUG - 2026-09-20 18:50:06 --> Session: Initialization under CLI aborted.
CRITICAL - 2026-09-20 18:50:06 --> TypeError: Cannot assign CodeIgniter\HTTP\CLIRequest to property CodeIgniter\Security\Security::$request of type CodeIgniter\HTTP\IncomingRequest
[Method: CLI, Route: app:test-cms]
in SYSTEMPATH\Security\Security.php on line 210.
 1 SYSTEMPATH\Config\Services.php(657): CodeIgniter\Security\Security->__construct(Object(Config\Security))
 2 SYSTEMPATH\Config\BaseService.php(325): CodeIgniter\Config\Services::security(Object(Config\Security), false)
 3 SYSTEMPATH\Config\BaseService.php(264): CodeIgniter\Config\BaseService::__callStatic('security', [...])
 4 SYSTEMPATH\Config\Services.php(652): CodeIgniter\Config\BaseService::getSharedInstance('security', null)
 5 SYSTEMPATH\Config\BaseService.php(334): CodeIgniter\Config\Services::security()
 6 SYSTEMPATH\Config\BaseService.php(203): CodeIgniter\Config\BaseService::__callStatic('security', [])
 7 SYSTEMPATH\Common.php(1096): CodeIgniter\Config\BaseService::get('security')
 8 SYSTEMPATH\Common.php(278): service('security')
 9 APPPATH\Views\layouts\frontend.php(873): csrf_token()
10 SYSTEMPATH\View\View.php(240): include('C:\\project\\new_perumahan\\app\\Views\\layouts\\frontend.php')
11 SYSTEMPATH\View\View.php(243): CodeIgniter\View\View->{closure:CodeIgniter\View\View::render():237}()
12 SYSTEMPATH\View\View.php(256): CodeIgniter\View\View->render('layouts/frontend', [], true)
13 SYSTEMPATH\Common.php(1268): CodeIgniter\View\View->render('frontend/home', [], true)
14 APPPATH\Controllers\Home.php(98): view('frontend/home', [...])
15 APPPATH\Commands\TestCms.php(64): App\Controllers\Home->index()
16 SYSTEMPATH\CLI\Commands.php(72): App\Commands\TestCms->run([])
17 SYSTEMPATH\CLI\Console.php(47): CodeIgniter\CLI\Commands->run('app:test-cms', [])
18 SYSTEMPATH\Boot.php(444): CodeIgniter\CLI\Console->run()
19 SYSTEMPATH\Boot.php(166): CodeIgniter\Boot::runCommand(Object(CodeIgniter\CLI\Console))
20 ROOTPATH\spark(87): CodeIgniter\Boot::bootSpark(Object(Config\Paths))
DEBUG - 2026-09-20 18:50:16 --> Session: Initialization under CLI aborted.
CRITICAL - 2026-09-20 18:50:16 --> TypeError: Cannot assign CodeIgniter\HTTP\CLIRequest to property CodeIgniter\Security\Security::$request of type CodeIgniter\HTTP\IncomingRequest
[Method: CLI, Route: app:test-cms]
in SYSTEMPATH\Security\Security.php on line 210.
 1 SYSTEMPATH\Config\Services.php(657): CodeIgniter\Security\Security->__construct(Object(Config\Security))
 2 SYSTEMPATH\Config\BaseService.php(325): CodeIgniter\Config\Services::security(Object(Config\Security), false)
 3 SYSTEMPATH\Config\BaseService.php(264): CodeIgniter\Config\BaseService::__callStatic('security', [...])
 4 SYSTEMPATH\Config\Services.php(652): CodeIgniter\Config\BaseService::getSharedInstance('security', null)
 5 SYSTEMPATH\Config\BaseService.php(334): CodeIgniter\Config\Services::security()
 6 SYSTEMPATH\Config\BaseService.php(203): CodeIgniter\Config\BaseService::__callStatic('security', [])
 7 SYSTEMPATH\Common.php(1096): CodeIgniter\Config\BaseService::get('security')
 8 SYSTEMPATH\Common.php(278): service('security')
 9 APPPATH\Views\layouts\frontend.php(873): csrf_token()
10 SYSTEMPATH\View\View.php(240): include('C:\\project\\new_perumahan\\app\\Views\\layouts\\frontend.php')
11 SYSTEMPATH\View\View.php(243): CodeIgniter\View\View->{closure:CodeIgniter\View\View::render():237}()
12 SYSTEMPATH\View\View.php(256): CodeIgniter\View\View->render('layouts/frontend', [], true)
13 SYSTEMPATH\Common.php(1268): CodeIgniter\View\View->render('frontend/home', [], true)
14 APPPATH\Controllers\Home.php(98): view('frontend/home', [...])
15 APPPATH\Commands\TestCms.php(43): App\Controllers\Home->index()
16 SYSTEMPATH\CLI\Commands.php(72): App\Commands\TestCms->run([])
17 SYSTEMPATH\CLI\Console.php(47): CodeIgniter\CLI\Commands->run('app:test-cms', [])
18 SYSTEMPATH\Boot.php(444): CodeIgniter\CLI\Console->run()
19 SYSTEMPATH\Boot.php(166): CodeIgniter\Boot::runCommand(Object(CodeIgniter\CLI\Console))
20 ROOTPATH\spark(87): CodeIgniter\Boot::bootSpark(Object(Config\Paths))
DEBUG - 2026-09-20 18:50:25 --> Session: Initialization under CLI aborted.
CRITICAL - 2026-09-20 18:50:25 --> TypeError: Cannot assign CodeIgniter\HTTP\CLIRequest to property CodeIgniter\Security\Security::$request of type CodeIgniter\HTTP\IncomingRequest
[Method: CLI, Route: app:test-cms]
in SYSTEMPATH\Security\Security.php on line 210.
 1 SYSTEMPATH\Config\Services.php(657): CodeIgniter\Security\Security->__construct(Object(Config\Security))
 2 SYSTEMPATH\Config\BaseService.php(325): CodeIgniter\Config\Services::security(Object(Config\Security), false)
 3 SYSTEMPATH\Config\BaseService.php(264): CodeIgniter\Config\BaseService::__callStatic('security', [...])
 4 SYSTEMPATH\Config\Services.php(652): CodeIgniter\Config\BaseService::getSharedInstance('security', null)
 5 SYSTEMPATH\Config\BaseService.php(334): CodeIgniter\Config\Services::security()
 6 SYSTEMPATH\Config\BaseService.php(203): CodeIgniter\Config\BaseService::__callStatic('security', [])
 7 SYSTEMPATH\Common.php(1096): CodeIgniter\Config\BaseService::get('security')
 8 SYSTEMPATH\Common.php(278): service('security')
 9 APPPATH\Views\layouts\frontend.php(873): csrf_token()
10 SYSTEMPATH\View\View.php(240): include('C:\\project\\new_perumahan\\app\\Views\\layouts\\frontend.php')
11 SYSTEMPATH\View\View.php(243): CodeIgniter\View\View->{closure:CodeIgniter\View\View::render():237}()
12 SYSTEMPATH\View\View.php(256): CodeIgniter\View\View->render('layouts/frontend', [], true)
13 SYSTEMPATH\Common.php(1268): CodeIgniter\View\View->render('frontend/home', [], true)
14 APPPATH\Controllers\Home.php(98): view('frontend/home', [...])
15 APPPATH\Commands\TestCms.php(43): App\Controllers\Home->index()
16 SYSTEMPATH\CLI\Commands.php(72): App\Commands\TestCms->run([])
17 SYSTEMPATH\CLI\Console.php(47): CodeIgniter\CLI\Commands->run('app:test-cms', [])
18 SYSTEMPATH\Boot.php(444): CodeIgniter\CLI\Console->run()
19 SYSTEMPATH\Boot.php(166): CodeIgniter\Boot::runCommand(Object(CodeIgniter\CLI\Console))
20 ROOTPATH\spark(87): CodeIgniter\Boot::bootSpark(Object(Config\Paths))
DEBUG - 2026-09-20 18:50:38 --> Session: Class initialized using 'CodeIgniter\Session\Handlers\FileHandler' driver.
DEBUG - 2026-09-20 18:50:44 --> Session: Class initialized using 'CodeIgniter\Session\Handlers\FileHandler' driver.
DEBUG - 2026-09-20 18:50:49 --> Session: Class initialized using 'CodeIgniter\Session\Handlers\FileHandler' driver.
DEBUG - 2026-09-20 18:50:51 --> Session: Class initialized using 'CodeIgniter\Session\Handlers\FileHandler' driver.
DEBUG - 2026-09-20 18:50:53 --> Session: Class initialized using 'CodeIgniter\Session\Handlers\FileHandler' driver.
DEBUG - 2026-09-20 18:50:54 --> Session: Class initialized using 'CodeIgniter\Session\Handlers\FileHandler' driver.
DEBUG - 2026-09-20 18:52:35 --> Session: Class initialized using 'CodeIgniter\Session\Handlers\FileHandler' driver.
DEBUG - 2026-09-20 18:53:39 --> Session: Initialization under CLI aborted.
CRITICAL - 2026-09-20 18:53:40 --> TypeError: Cannot assign CodeIgniter\HTTP\CLIRequest to property CodeIgniter\Security\Security::$request of type CodeIgniter\HTTP\IncomingRequest
[Method: CLI, Route: app:test-cms]
in SYSTEMPATH\Security\Security.php on line 210.
 1 SYSTEMPATH\Config\Services.php(657): CodeIgniter\Security\Security->__construct(Object(Config\Security))
 2 SYSTEMPATH\Config\BaseService.php(325): CodeIgniter\Config\Services::security(Object(Config\Security), false)
 3 SYSTEMPATH\Config\BaseService.php(264): CodeIgniter\Config\BaseService::__callStatic('security', [...])
 4 SYSTEMPATH\Config\Services.php(652): CodeIgniter\Config\BaseService::getSharedInstance('security', null)
 5 SYSTEMPATH\Config\BaseService.php(334): CodeIgniter\Config\Services::security()
 6 SYSTEMPATH\Config\BaseService.php(203): CodeIgniter\Config\BaseService::__callStatic('security', [])
 7 SYSTEMPATH\Common.php(1096): CodeIgniter\Config\BaseService::get('security')
 8 SYSTEMPATH\Common.php(278): service('security')
 9 APPPATH\Views\layouts\frontend.php(810): csrf_token()
10 SYSTEMPATH\View\View.php(240): include('C:\\project\\new_perumahan\\app\\Views\\layouts\\frontend.php')
11 SYSTEMPATH\View\View.php(243): CodeIgniter\View\View->{closure:CodeIgniter\View\View::render():237}()
12 SYSTEMPATH\View\View.php(256): CodeIgniter\View\View->render('layouts/frontend', [], true)
13 SYSTEMPATH\Common.php(1268): CodeIgniter\View\View->render('frontend/home', [], true)
14 APPPATH\Controllers\Home.php(98): view('frontend/home', [...])
15 APPPATH\Commands\TestCms.php(43): App\Controllers\Home->index()
16 SYSTEMPATH\CLI\Commands.php(72): App\Commands\TestCms->run([])
17 SYSTEMPATH\CLI\Console.php(47): CodeIgniter\CLI\Commands->run('app:test-cms', [])
18 SYSTEMPATH\Boot.php(444): CodeIgniter\CLI\Console->run()
19 SYSTEMPATH\Boot.php(166): CodeIgniter\Boot::runCommand(Object(CodeIgniter\CLI\Console))
20 ROOTPATH\spark(87): CodeIgniter\Boot::bootSpark(Object(Config\Paths))
DEBUG - 2026-09-20 18:53:51 --> Session: Class initialized using 'CodeIgniter\Session\Handlers\FileHandler' driver.
DEBUG - 2026-09-20 18:54:12 --> Session: Class initialized using 'CodeIgniter\Session\Handlers\FileHandler' driver.
DEBUG - 2026-09-20 18:54:20 --> Session: Class initialized using 'CodeIgniter\Session\Handlers\FileHandler' driver.
DEBUG - 2026-09-20 18:54:25 --> Session: Class initialized using 'CodeIgniter\Session\Handlers\FileHandler' driver.
DEBUG - 2026-09-20 18:54:31 --> Session: Class initialized using 'CodeIgniter\Session\Handlers\FileHandler' driver.
DEBUG - 2026-09-20 18:54:39 --> Session: Class initialized using 'CodeIgniter\Session\Handlers\FileHandler' driver.
DEBUG - 2026-09-20 18:55:12 --> Session: Class initialized using 'CodeIgniter\Session\Handlers\FileHandler' driver.
DEBUG - 2026-09-20 18:55:13 --> Session: Class initialized using 'CodeIgniter\Session\Handlers\FileHandler' driver.
DEBUG - 2026-09-20 18:55:18 --> Session: Class initialized using 'CodeIgniter\Session\Handlers\FileHandler' driver.
DEBUG - 2026-09-20 18:55:39 --> Session: Class initialized using 'CodeIgniter\Session\Handlers\FileHandler' driver.
DEBUG - 2026-09-20 18:55:54 --> Session: Class initialized using 'CodeIgniter\Session\Handlers\FileHandler' driver.
DEBUG - 2026-09-20 18:56:00 --> Session: Class initialized using 'CodeIgniter\Session\Handlers\FileHandler' driver.
DEBUG - 2026-09-20 18:56:35 --> Session: Class initialized using 'CodeIgniter\Session\Handlers\FileHandler' driver.
DEBUG - 2026-09-20 18:56:44 --> Session: Class initialized using 'CodeIgniter\Session\Handlers\FileHandler' driver.
DEBUG - 2026-09-20 18:56:45 --> Session: Class initialized using 'CodeIgniter\Session\Handlers\FileHandler' driver.
DEBUG - 2026-09-20 18:56:49 --> Session: Class initialized using 'CodeIgniter\Session\Handlers\FileHandler' driver.
DEBUG - 2026-09-20 18:57:01 --> Session: Class initialized using 'CodeIgniter\Session\Handlers\FileHandler' driver.
DEBUG - 2026-09-20 18:57:02 --> Session: Class initialized using 'CodeIgniter\Session\Handlers\FileHandler' driver.
DEBUG - 2026-09-20 18:57:07 --> Session: Class initialized using 'CodeIgniter\Session\Handlers\FileHandler' driver.
DEBUG - 2026-09-20 18:57:14 --> Session: Class initialized using 'CodeIgniter\Session\Handlers\FileHandler' driver.
CRITICAL - 2026-09-20 19:02:22 --> ErrorException: Uncaught CodeIgniter\Exceptions\PageNotFoundException: Can't find a route for 'CLI: /'. in C:\project\new_perumahan\vendor\codeigniter4\framework\system\CodeIgniter.php:1024
Stack trace:
#0 C:\project\new_perumahan\vendor\codeigniter4\framework\system\CodeIgniter.php(1024): CodeIgniter\Exceptions\PageNotFoundException::forPageNotFound('Can't find a ro...')
#1 C:\project\new_perumahan\vendor\codeigniter4\framework\system\CodeIgniter.php(369): CodeIgniter\CodeIgniter->display404errors(Object(CodeIgniter\Exceptions\PageNotFoundException))
#2 C:\project\new_perumahan\vendor\codeigniter4\framework\system\Boot.php(417): CodeIgniter\CodeIgniter->run()
#3 C:\project\new_perumahan\vendor\codeigniter4\framework\system\Boot.php(68): CodeIgniter\Boot::runCodeIgniter(Object(CodeIgniter\CodeIgniter))
#4 C:\project\new_perumahan\public\index.php(59): CodeIgniter\Boot::bootWeb(Object(Config\Paths))
#5 Command line code(1): require('C:\\project\\new_...')
#6 {main}
  thrown
[Method: CLI, Route: /]
in SYSTEMPATH\CodeIgniter.php on line 1024.
 1 [internal function]: CodeIgniter\Debug\Exceptions->shutdownHandler()
DEBUG - 2026-09-20 19:05:28 --> Session: Class initialized using 'CodeIgniter\Session\Handlers\FileHandler' driver.
DEBUG - 2026-09-20 19:08:01 --> Session: Class initialized using 'CodeIgniter\Session\Handlers\FileHandler' driver.
DEBUG - 2026-09-20 19:08:19 --> Session: Class initialized using 'CodeIgniter\Session\Handlers\FileHandler' driver.
DEBUG - 2026-09-20 19:08:28 --> Session: Class initialized using 'CodeIgniter\Session\Handlers\FileHandler' driver.
DEBUG - 2026-09-20 19:08:36 --> Session: Class initialized using 'CodeIgniter\Session\Handlers\FileHandler' driver.
DEBUG - 2026-09-20 19:08:45 --> Session: Class initialized using 'CodeIgniter\Session\Handlers\FileHandler' driver.
DEBUG - 2026-09-20 19:08:51 --> Session: Class initialized using 'CodeIgniter\Session\Handlers\FileHandler' driver.
DEBUG - 2026-09-20 19:08:56 --> Session: Class initialized using 'CodeIgniter\Session\Handlers\FileHandler' driver.
DEBUG - 2026-09-20 19:09:03 --> Session: Class initialized using 'CodeIgniter\Session\Handlers\FileHandler' driver.
DEBUG - 2026-09-20 19:10:15 --> Session: Class initialized using 'CodeIgniter\Session\Handlers\FileHandler' driver.
DEBUG - 2026-09-20 19:10:23 --> Session: Class initialized using 'CodeIgniter\Session\Handlers\FileHandler' driver.
DEBUG - 2026-09-20 19:10:24 --> Session: Class initialized using 'CodeIgniter\Session\Handlers\FileHandler' driver.
DEBUG - 2026-09-20 19:10:29 --> Session: Class initialized using 'CodeIgniter\Session\Handlers\FileHandler' driver.
DEBUG - 2026-09-20 19:10:41 --> Session: Class initialized using 'CodeIgniter\Session\Handlers\FileHandler' driver.
DEBUG - 2026-09-20 19:11:01 --> Session: Class initialized using 'CodeIgniter\Session\Handlers\FileHandler' driver.
DEBUG - 2026-09-20 19:11:10 --> Session: Class initialized using 'CodeIgniter\Session\Handlers\FileHandler' driver.
DEBUG - 2026-09-20 19:11:11 --> Session: Class initialized using 'CodeIgniter\Session\Handlers\FileHandler' driver.
DEBUG - 2026-09-20 19:11:16 --> Session: Class initialized using 'CodeIgniter\Session\Handlers\FileHandler' driver.
