WARNING - 2026-09-26 02:44:45 --> [DEPRECATED] Passing lowercase HTTP method "get" is deprecated. Use uppercase HTTP method like "GET". in SYSTEMPATH\Router\RouteCollection.php on line 1026.
 1 SYSTEMPATH\Router\RouteCollection.php(1026): trigger_error('Passing lowercase HTTP method "get" is deprecated. Use uppercase HTTP method like "GET".', 16384)
 2 APPPATH\Config\Routes.php(83): CodeIgniter\Router\RouteCollection->match([...], 'connector', 'Admin\\Media::connector')
 3 SYSTEMPATH\Router\RouteCollection.php(799): CodeIgniter\Router\RouteCollection->{closure:{closure:C:\project\new_perumahan\app\Config\Routes.php:45}:79}(Object(CodeIgniter\Router\RouteCollection))
 4 APPPATH\Config\Routes.php(79): CodeIgniter\Router\RouteCollection->group('media', Object(Closure))
 5 SYSTEMPATH\Router\RouteCollection.php(799): CodeIgniter\Router\RouteCollection->{closure:C:\project\new_perumahan\app\Config\Routes.php:45}(Object(CodeIgniter\Router\RouteCollection))
 6 APPPATH\Config\Routes.php(45): CodeIgniter\Router\RouteCollection->group('admin', [...], Object(Closure))
 7 SYSTEMPATH\Router\RouteCollection.php(339): require('C:\\project\\new_perumahan\\app\\Config\\Routes.php')
 8 SYSTEMPATH\CLI\Console.php(41): CodeIgniter\Router\RouteCollection->loadRoutes()
 9 SYSTEMPATH\Boot.php(444): CodeIgniter\CLI\Console->run()
10 SYSTEMPATH\Boot.php(166): CodeIgniter\Boot::runCommand(Object(CodeIgniter\CLI\Console))
11 ROOTPATH\spark(87): CodeIgniter\Boot::bootSpark(Object(Config\Paths))
WARNING - 2026-09-26 02:44:45 --> [DEPRECATED] Passing lowercase HTTP method "post" is deprecated. Use uppercase HTTP method like "POST". in SYSTEMPATH\Router\RouteCollection.php on line 1026.
 1 SYSTEMPATH\Router\RouteCollection.php(1026): trigger_error('Passing lowercase HTTP method "post" is deprecated. Use uppercase HTTP method like "POST".', 16384)
 2 APPPATH\Config\Routes.php(83): CodeIgniter\Router\RouteCollection->match([...], 'connector', 'Admin\\Media::connector')
 3 SYSTEMPATH\Router\RouteCollection.php(799): CodeIgniter\Router\RouteCollection->{closure:{closure:C:\project\new_perumahan\app\Config\Routes.php:45}:79}(Object(CodeIgniter\Router\RouteCollection))
 4 APPPATH\Config\Routes.php(79): CodeIgniter\Router\RouteCollection->group('media', Object(Closure))
 5 SYSTEMPATH\Router\RouteCollection.php(799): CodeIgniter\Router\RouteCollection->{closure:C:\project\new_perumahan\app\Config\Routes.php:45}(Object(CodeIgniter\Router\RouteCollection))
 6 APPPATH\Config\Routes.php(45): CodeIgniter\Router\RouteCollection->group('admin', [...], Object(Closure))
 7 SYSTEMPATH\Router\RouteCollection.php(339): require('C:\\project\\new_perumahan\\app\\Config\\Routes.php')
 8 SYSTEMPATH\CLI\Console.php(41): CodeIgniter\Router\RouteCollection->loadRoutes()
 9 SYSTEMPATH\Boot.php(444): CodeIgniter\CLI\Console->run()
10 SYSTEMPATH\Boot.php(166): CodeIgniter\Boot::runCommand(Object(CodeIgniter\CLI\Console))
11 ROOTPATH\spark(87): CodeIgniter\Boot::bootSpark(Object(Config\Paths))
WARNING - 2026-09-26 02:44:57 --> [DEPRECATED] Passing lowercase HTTP method "get" is deprecated. Use uppercase HTTP method like "GET". in SYSTEMPATH\Router\RouteCollection.php on line 1026.
 1 SYSTEMPATH\Router\RouteCollection.php(1026): trigger_error('Passing lowercase HTTP method "get" is deprecated. Use uppercase HTTP method like "GET".', 16384)
 2 APPPATH\Config\Routes.php(83): CodeIgniter\Router\RouteCollection->match([...], 'connector', 'Admin\\Media::connector')
 3 SYSTEMPATH\Router\RouteCollection.php(799): CodeIgniter\Router\RouteCollection->{closure:{closure:C:\project\new_perumahan\app\Config\Routes.php:45}:79}(Object(CodeIgniter\Router\RouteCollection))
 4 APPPATH\Config\Routes.php(79): CodeIgniter\Router\RouteCollection->group('media', Object(Closure))
 5 SYSTEMPATH\Router\RouteCollection.php(799): CodeIgniter\Router\RouteCollection->{closure:C:\project\new_perumahan\app\Config\Routes.php:45}(Object(CodeIgniter\Router\RouteCollection))
 6 APPPATH\Config\Routes.php(45): CodeIgniter\Router\RouteCollection->group('admin', [...], Object(Closure))
 7 SYSTEMPATH\Router\RouteCollection.php(339): require('C:\\project\\new_perumahan\\app\\Config\\Routes.php')
 8 SYSTEMPATH\CodeIgniter.php(841): CodeIgniter\Router\RouteCollection->loadRoutes()
 9 SYSTEMPATH\CodeIgniter.php(464): CodeIgniter\CodeIgniter->tryToRouteIt(null)
10 SYSTEMPATH\CodeIgniter.php(363): CodeIgniter\CodeIgniter->handleRequest(null, Object(Config\Cache), false)
11 SYSTEMPATH\Boot.php(417): CodeIgniter\CodeIgniter->run()
12 SYSTEMPATH\Boot.php(68): CodeIgniter\Boot::runCodeIgniter(Object(CodeIgniter\CodeIgniter))
13 FCPATH\index.php(59): CodeIgniter\Boot::bootWeb(Object(Config\Paths))
14 SYSTEMPATH\rewrite.php(44): require_once('C:\\project\\new_perumahan\\public\\index.php')
WARNING - 2026-09-26 02:44:57 --> [DEPRECATED] Passing lowercase HTTP method "post" is deprecated. Use uppercase HTTP method like "POST". in SYSTEMPATH\Router\RouteCollection.php on line 1026.
 1 SYSTEMPATH\Router\RouteCollection.php(1026): trigger_error('Passing lowercase HTTP method "post" is deprecated. Use uppercase HTTP method like "POST".', 16384)
 2 APPPATH\Config\Routes.php(83): CodeIgniter\Router\RouteCollection->match([...], 'connector', 'Admin\\Media::connector')
 3 SYSTEMPATH\Router\RouteCollection.php(799): CodeIgniter\Router\RouteCollection->{closure:{closure:C:\project\new_perumahan\app\Config\Routes.php:45}:79}(Object(CodeIgniter\Router\RouteCollection))
 4 APPPATH\Config\Routes.php(79): CodeIgniter\Router\RouteCollection->group('media', Object(Closure))
 5 SYSTEMPATH\Router\RouteCollection.php(799): CodeIgniter\Router\RouteCollection->{closure:C:\project\new_perumahan\app\Config\Routes.php:45}(Object(CodeIgniter\Router\RouteCollection))
 6 APPPATH\Config\Routes.php(45): CodeIgniter\Router\RouteCollection->group('admin', [...], Object(Closure))
 7 SYSTEMPATH\Router\RouteCollection.php(339): require('C:\\project\\new_perumahan\\app\\Config\\Routes.php')
 8 SYSTEMPATH\CodeIgniter.php(841): CodeIgniter\Router\RouteCollection->loadRoutes()
 9 SYSTEMPATH\CodeIgniter.php(464): CodeIgniter\CodeIgniter->tryToRouteIt(null)
10 SYSTEMPATH\CodeIgniter.php(363): CodeIgniter\CodeIgniter->handleRequest(null, Object(Config\Cache), false)
11 SYSTEMPATH\Boot.php(417): CodeIgniter\CodeIgniter->run()
12 SYSTEMPATH\Boot.php(68): CodeIgniter\Boot::runCodeIgniter(Object(CodeIgniter\CodeIgniter))
13 FCPATH\index.php(59): CodeIgniter\Boot::bootWeb(Object(Config\Paths))
14 SYSTEMPATH\rewrite.php(44): require_once('C:\\project\\new_perumahan\\public\\index.php')
DEBUG - 2026-09-26 02:44:58 --> Session: Class initialized using 'CodeIgniter\Session\Handlers\FileHandler' driver.
WARNING - 2026-09-26 02:45:25 --> [DEPRECATED] Passing lowercase HTTP method "get" is deprecated. Use uppercase HTTP method like "GET". in SYSTEMPATH\Router\RouteCollection.php on line 1026.
 1 SYSTEMPATH\Router\RouteCollection.php(1026): trigger_error('Passing lowercase HTTP method "get" is deprecated. Use uppercase HTTP method like "GET".', 16384)
 2 APPPATH\Config\Routes.php(83): CodeIgniter\Router\RouteCollection->match([...], 'connector', 'Admin\\Media::connector')
 3 SYSTEMPATH\Router\RouteCollection.php(799): CodeIgniter\Router\RouteCollection->{closure:{closure:C:\project\new_perumahan\app\Config\Routes.php:45}:79}(Object(CodeIgniter\Router\RouteCollection))
 4 APPPATH\Config\Routes.php(79): CodeIgniter\Router\RouteCollection->group('media', Object(Closure))
 5 SYSTEMPATH\Router\RouteCollection.php(799): CodeIgniter\Router\RouteCollection->{closure:C:\project\new_perumahan\app\Config\Routes.php:45}(Object(CodeIgniter\Router\RouteCollection))
 6 APPPATH\Config\Routes.php(45): CodeIgniter\Router\RouteCollection->group('admin', [...], Object(Closure))
 7 SYSTEMPATH\Router\RouteCollection.php(339): require('C:\\project\\new_perumahan\\app\\Config\\Routes.php')
 8 SYSTEMPATH\CodeIgniter.php(841): CodeIgniter\Router\RouteCollection->loadRoutes()
 9 SYSTEMPATH\CodeIgniter.php(464): CodeIgniter\CodeIgniter->tryToRouteIt(null)
10 SYSTEMPATH\CodeIgniter.php(363): CodeIgniter\CodeIgniter->handleRequest(null, Object(Config\Cache), false)
11 SYSTEMPATH\Boot.php(417): CodeIgniter\CodeIgniter->run()
12 SYSTEMPATH\Boot.php(68): CodeIgniter\Boot::runCodeIgniter(Object(CodeIgniter\CodeIgniter))
13 FCPATH\index.php(59): CodeIgniter\Boot::bootWeb(Object(Config\Paths))
14 SYSTEMPATH\rewrite.php(44): require_once('C:\\project\\new_perumahan\\public\\index.php')
WARNING - 2026-09-26 02:45:25 --> [DEPRECATED] Passing lowercase HTTP method "post" is deprecated. Use uppercase HTTP method like "POST". in SYSTEMPATH\Router\RouteCollection.php on line 1026.
 1 SYSTEMPATH\Router\RouteCollection.php(1026): trigger_error('Passing lowercase HTTP method "post" is deprecated. Use uppercase HTTP method like "POST".', 16384)
 2 APPPATH\Config\Routes.php(83): CodeIgniter\Router\RouteCollection->match([...], 'connector', 'Admin\\Media::connector')
 3 SYSTEMPATH\Router\RouteCollection.php(799): CodeIgniter\Router\RouteCollection->{closure:{closure:C:\project\new_perumahan\app\Config\Routes.php:45}:79}(Object(CodeIgniter\Router\RouteCollection))
 4 APPPATH\Config\Routes.php(79): CodeIgniter\Router\RouteCollection->group('media', Object(Closure))
 5 SYSTEMPATH\Router\RouteCollection.php(799): CodeIgniter\Router\RouteCollection->{closure:C:\project\new_perumahan\app\Config\Routes.php:45}(Object(CodeIgniter\Router\RouteCollection))
 6 APPPATH\Config\Routes.php(45): CodeIgniter\Router\RouteCollection->group('admin', [...], Object(Closure))
 7 SYSTEMPATH\Router\RouteCollection.php(339): require('C:\\project\\new_perumahan\\app\\Config\\Routes.php')
 8 SYSTEMPATH\CodeIgniter.php(841): CodeIgniter\Router\RouteCollection->loadRoutes()
 9 SYSTEMPATH\CodeIgniter.php(464): CodeIgniter\CodeIgniter->tryToRouteIt(null)
10 SYSTEMPATH\CodeIgniter.php(363): CodeIgniter\CodeIgniter->handleRequest(null, Object(Config\Cache), false)
11 SYSTEMPATH\Boot.php(417): CodeIgniter\CodeIgniter->run()
12 SYSTEMPATH\Boot.php(68): CodeIgniter\Boot::runCodeIgniter(Object(CodeIgniter\CodeIgniter))
13 FCPATH\index.php(59): CodeIgniter\Boot::bootWeb(Object(Config\Paths))
14 SYSTEMPATH\rewrite.php(44): require_once('C:\\project\\new_perumahan\\public\\index.php')
DEBUG - 2026-09-26 02:45:25 --> Session: Class initialized using 'CodeIgniter\Session\Handlers\FileHandler' driver.
WARNING - 2026-09-26 02:45:43 --> [DEPRECATED] Passing lowercase HTTP method "get" is deprecated. Use uppercase HTTP method like "GET". in SYSTEMPATH\Router\RouteCollection.php on line 1026.
 1 SYSTEMPATH\Router\RouteCollection.php(1026): trigger_error('Passing lowercase HTTP method "get" is deprecated. Use uppercase HTTP method like "GET".', 16384)
 2 APPPATH\Config\Routes.php(83): CodeIgniter\Router\RouteCollection->match([...], 'connector', 'Admin\\Media::connector')
 3 SYSTEMPATH\Router\RouteCollection.php(799): CodeIgniter\Router\RouteCollection->{closure:{closure:C:\project\new_perumahan\app\Config\Routes.php:45}:79}(Object(CodeIgniter\Router\RouteCollection))
 4 APPPATH\Config\Routes.php(79): CodeIgniter\Router\RouteCollection->group('media', Object(Closure))
 5 SYSTEMPATH\Router\RouteCollection.php(799): CodeIgniter\Router\RouteCollection->{closure:C:\project\new_perumahan\app\Config\Routes.php:45}(Object(CodeIgniter\Router\RouteCollection))
 6 APPPATH\Config\Routes.php(45): CodeIgniter\Router\RouteCollection->group('admin', [...], Object(Closure))
 7 SYSTEMPATH\Router\RouteCollection.php(339): require('C:\\project\\new_perumahan\\app\\Config\\Routes.php')
 8 SYSTEMPATH\CodeIgniter.php(841): CodeIgniter\Router\RouteCollection->loadRoutes()
 9 SYSTEMPATH\CodeIgniter.php(464): CodeIgniter\CodeIgniter->tryToRouteIt(null)
10 SYSTEMPATH\CodeIgniter.php(363): CodeIgniter\CodeIgniter->handleRequest(null, Object(Config\Cache), false)
11 SYSTEMPATH\Boot.php(417): CodeIgniter\CodeIgniter->run()
12 SYSTEMPATH\Boot.php(68): CodeIgniter\Boot::runCodeIgniter(Object(CodeIgniter\CodeIgniter))
13 FCPATH\index.php(59): CodeIgniter\Boot::bootWeb(Object(Config\Paths))
14 SYSTEMPATH\rewrite.php(44): require_once('C:\\project\\new_perumahan\\public\\index.php')
WARNING - 2026-09-26 02:45:43 --> [DEPRECATED] Passing lowercase HTTP method "post" is deprecated. Use uppercase HTTP method like "POST". in SYSTEMPATH\Router\RouteCollection.php on line 1026.
 1 SYSTEMPATH\Router\RouteCollection.php(1026): trigger_error('Passing lowercase HTTP method "post" is deprecated. Use uppercase HTTP method like "POST".', 16384)
 2 APPPATH\Config\Routes.php(83): CodeIgniter\Router\RouteCollection->match([...], 'connector', 'Admin\\Media::connector')
 3 SYSTEMPATH\Router\RouteCollection.php(799): CodeIgniter\Router\RouteCollection->{closure:{closure:C:\project\new_perumahan\app\Config\Routes.php:45}:79}(Object(CodeIgniter\Router\RouteCollection))
 4 APPPATH\Config\Routes.php(79): CodeIgniter\Router\RouteCollection->group('media', Object(Closure))
 5 SYSTEMPATH\Router\RouteCollection.php(799): CodeIgniter\Router\RouteCollection->{closure:C:\project\new_perumahan\app\Config\Routes.php:45}(Object(CodeIgniter\Router\RouteCollection))
 6 APPPATH\Config\Routes.php(45): CodeIgniter\Router\RouteCollection->group('admin', [...], Object(Closure))
 7 SYSTEMPATH\Router\RouteCollection.php(339): require('C:\\project\\new_perumahan\\app\\Config\\Routes.php')
 8 SYSTEMPATH\CodeIgniter.php(841): CodeIgniter\Router\RouteCollection->loadRoutes()
 9 SYSTEMPATH\CodeIgniter.php(464): CodeIgniter\CodeIgniter->tryToRouteIt(null)
10 SYSTEMPATH\CodeIgniter.php(363): CodeIgniter\CodeIgniter->handleRequest(null, Object(Config\Cache), false)
11 SYSTEMPATH\Boot.php(417): CodeIgniter\CodeIgniter->run()
12 SYSTEMPATH\Boot.php(68): CodeIgniter\Boot::runCodeIgniter(Object(CodeIgniter\CodeIgniter))
13 FCPATH\index.php(59): CodeIgniter\Boot::bootWeb(Object(Config\Paths))
14 SYSTEMPATH\rewrite.php(44): require_once('C:\\project\\new_perumahan\\public\\index.php')
DEBUG - 2026-09-26 02:45:43 --> Session: Class initialized using 'CodeIgniter\Session\Handlers\FileHandler' driver.
WARNING - 2026-09-26 02:47:31 --> [DEPRECATED] Passing lowercase HTTP method "get" is deprecated. Use uppercase HTTP method like "GET". in SYSTEMPATH\Router\RouteCollection.php on line 1026.
 1 SYSTEMPATH\Router\RouteCollection.php(1026): trigger_error('Passing lowercase HTTP method "get" is deprecated. Use uppercase HTTP method like "GET".', 16384)
 2 APPPATH\Config\Routes.php(83): CodeIgniter\Router\RouteCollection->match([...], 'connector', 'Admin\\Media::connector')
 3 SYSTEMPATH\Router\RouteCollection.php(799): CodeIgniter\Router\RouteCollection->{closure:{closure:C:\project\new_perumahan\app\Config\Routes.php:45}:79}(Object(CodeIgniter\Router\RouteCollection))
 4 APPPATH\Config\Routes.php(79): CodeIgniter\Router\RouteCollection->group('media', Object(Closure))
 5 SYSTEMPATH\Router\RouteCollection.php(799): CodeIgniter\Router\RouteCollection->{closure:C:\project\new_perumahan\app\Config\Routes.php:45}(Object(CodeIgniter\Router\RouteCollection))
 6 APPPATH\Config\Routes.php(45): CodeIgniter\Router\RouteCollection->group('admin', [...], Object(Closure))
 7 SYSTEMPATH\Router\RouteCollection.php(339): require('C:\\project\\new_perumahan\\app\\Config\\Routes.php')
 8 SYSTEMPATH\CodeIgniter.php(841): CodeIgniter\Router\RouteCollection->loadRoutes()
 9 SYSTEMPATH\CodeIgniter.php(464): CodeIgniter\CodeIgniter->tryToRouteIt(null)
10 SYSTEMPATH\CodeIgniter.php(363): CodeIgniter\CodeIgniter->handleRequest(null, Object(Config\Cache), false)
11 SYSTEMPATH\Boot.php(417): CodeIgniter\CodeIgniter->run()
12 SYSTEMPATH\Boot.php(68): CodeIgniter\Boot::runCodeIgniter(Object(CodeIgniter\CodeIgniter))
13 FCPATH\index.php(59): CodeIgniter\Boot::bootWeb(Object(Config\Paths))
14 SYSTEMPATH\rewrite.php(44): require_once('C:\\project\\new_perumahan\\public\\index.php')
WARNING - 2026-09-26 02:47:31 --> [DEPRECATED] Passing lowercase HTTP method "post" is deprecated. Use uppercase HTTP method like "POST". in SYSTEMPATH\Router\RouteCollection.php on line 1026.
 1 SYSTEMPATH\Router\RouteCollection.php(1026): trigger_error('Passing lowercase HTTP method "post" is deprecated. Use uppercase HTTP method like "POST".', 16384)
 2 APPPATH\Config\Routes.php(83): CodeIgniter\Router\RouteCollection->match([...], 'connector', 'Admin\\Media::connector')
 3 SYSTEMPATH\Router\RouteCollection.php(799): CodeIgniter\Router\RouteCollection->{closure:{closure:C:\project\new_perumahan\app\Config\Routes.php:45}:79}(Object(CodeIgniter\Router\RouteCollection))
 4 APPPATH\Config\Routes.php(79): CodeIgniter\Router\RouteCollection->group('media', Object(Closure))
 5 SYSTEMPATH\Router\RouteCollection.php(799): CodeIgniter\Router\RouteCollection->{closure:C:\project\new_perumahan\app\Config\Routes.php:45}(Object(CodeIgniter\Router\RouteCollection))
 6 APPPATH\Config\Routes.php(45): CodeIgniter\Router\RouteCollection->group('admin', [...], Object(Closure))
 7 SYSTEMPATH\Router\RouteCollection.php(339): require('C:\\project\\new_perumahan\\app\\Config\\Routes.php')
 8 SYSTEMPATH\CodeIgniter.php(841): CodeIgniter\Router\RouteCollection->loadRoutes()
 9 SYSTEMPATH\CodeIgniter.php(464): CodeIgniter\CodeIgniter->tryToRouteIt(null)
10 SYSTEMPATH\CodeIgniter.php(363): CodeIgniter\CodeIgniter->handleRequest(null, Object(Config\Cache), false)
11 SYSTEMPATH\Boot.php(417): CodeIgniter\CodeIgniter->run()
12 SYSTEMPATH\Boot.php(68): CodeIgniter\Boot::runCodeIgniter(Object(CodeIgniter\CodeIgniter))
13 FCPATH\index.php(59): CodeIgniter\Boot::bootWeb(Object(Config\Paths))
14 SYSTEMPATH\rewrite.php(44): require_once('C:\\project\\new_perumahan\\public\\index.php')
WARNING - 2026-09-26 02:47:34 --> [DEPRECATED] Function curl_close() is deprecated since 8.5, as it has no effect since PHP 8.0 in APPPATH\Controllers\Chat.php on line 183.
 1 APPPATH\Controllers\Chat.php(87): App\Controllers\Chat->callN8nWebhook('https://ercy.app.n8n.cloud/webhook/chat', 'hallo', 'budi', [], [...])
 2 SYSTEMPATH\CodeIgniter.php(974): App\Controllers\Chat->send()
 3 SYSTEMPATH\CodeIgniter.php(520): CodeIgniter\CodeIgniter->runController(Object(App\Controllers\Chat))
 4 SYSTEMPATH\CodeIgniter.php(363): CodeIgniter\CodeIgniter->handleRequest(null, Object(Config\Cache), false)
 5 SYSTEMPATH\Boot.php(417): CodeIgniter\CodeIgniter->run()
 6 SYSTEMPATH\Boot.php(68): CodeIgniter\Boot::runCodeIgniter(Object(CodeIgniter\CodeIgniter))
 7 FCPATH\index.php(59): CodeIgniter\Boot::bootWeb(Object(Config\Paths))
 8 SYSTEMPATH\rewrite.php(44): require_once('C:\\project\\new_perumahan\\public\\index.php')
ERROR - 2026-09-26 02:47:34 --> n8n Webhook Error: HTTP 500 - {"message":"Error in workflow"}
WARNING - 2026-09-26 02:47:34 --> n8n chat webhook failed: HTTP 500: {"message":"Error in workflow"}
DEBUG - 2026-09-26 02:47:34 --> Session: Class initialized using 'CodeIgniter\Session\Handlers\FileHandler' driver.
WARNING - 2026-09-26 02:47:53 --> [DEPRECATED] Passing lowercase HTTP method "get" is deprecated. Use uppercase HTTP method like "GET". in SYSTEMPATH\Router\RouteCollection.php on line 1026.
 1 SYSTEMPATH\Router\RouteCollection.php(1026): trigger_error('Passing lowercase HTTP method "get" is deprecated. Use uppercase HTTP method like "GET".', 16384)
 2 APPPATH\Config\Routes.php(83): CodeIgniter\Router\RouteCollection->match([...], 'connector', 'Admin\\Media::connector')
 3 SYSTEMPATH\Router\RouteCollection.php(799): CodeIgniter\Router\RouteCollection->{closure:{closure:C:\project\new_perumahan\app\Config\Routes.php:45}:79}(Object(CodeIgniter\Router\RouteCollection))
 4 APPPATH\Config\Routes.php(79): CodeIgniter\Router\RouteCollection->group('media', Object(Closure))
 5 SYSTEMPATH\Router\RouteCollection.php(799): CodeIgniter\Router\RouteCollection->{closure:C:\project\new_perumahan\app\Config\Routes.php:45}(Object(CodeIgniter\Router\RouteCollection))
 6 APPPATH\Config\Routes.php(45): CodeIgniter\Router\RouteCollection->group('admin', [...], Object(Closure))
 7 SYSTEMPATH\Router\RouteCollection.php(339): require('C:\\project\\new_perumahan\\app\\Config\\Routes.php')
 8 SYSTEMPATH\CodeIgniter.php(841): CodeIgniter\Router\RouteCollection->loadRoutes()
 9 SYSTEMPATH\CodeIgniter.php(464): CodeIgniter\CodeIgniter->tryToRouteIt(null)
10 SYSTEMPATH\CodeIgniter.php(363): CodeIgniter\CodeIgniter->handleRequest(null, Object(Config\Cache), false)
11 SYSTEMPATH\Boot.php(417): CodeIgniter\CodeIgniter->run()
12 SYSTEMPATH\Boot.php(68): CodeIgniter\Boot::runCodeIgniter(Object(CodeIgniter\CodeIgniter))
13 FCPATH\index.php(59): CodeIgniter\Boot::bootWeb(Object(Config\Paths))
14 SYSTEMPATH\rewrite.php(44): require_once('C:\\project\\new_perumahan\\public\\index.php')
WARNING - 2026-09-26 02:47:53 --> [DEPRECATED] Passing lowercase HTTP method "post" is deprecated. Use uppercase HTTP method like "POST". in SYSTEMPATH\Router\RouteCollection.php on line 1026.
 1 SYSTEMPATH\Router\RouteCollection.php(1026): trigger_error('Passing lowercase HTTP method "post" is deprecated. Use uppercase HTTP method like "POST".', 16384)
 2 APPPATH\Config\Routes.php(83): CodeIgniter\Router\RouteCollection->match([...], 'connector', 'Admin\\Media::connector')
 3 SYSTEMPATH\Router\RouteCollection.php(799): CodeIgniter\Router\RouteCollection->{closure:{closure:C:\project\new_perumahan\app\Config\Routes.php:45}:79}(Object(CodeIgniter\Router\RouteCollection))
 4 APPPATH\Config\Routes.php(79): CodeIgniter\Router\RouteCollection->group('media', Object(Closure))
 5 SYSTEMPATH\Router\RouteCollection.php(799): CodeIgniter\Router\RouteCollection->{closure:C:\project\new_perumahan\app\Config\Routes.php:45}(Object(CodeIgniter\Router\RouteCollection))
 6 APPPATH\Config\Routes.php(45): CodeIgniter\Router\RouteCollection->group('admin', [...], Object(Closure))
 7 SYSTEMPATH\Router\RouteCollection.php(339): require('C:\\project\\new_perumahan\\app\\Config\\Routes.php')
 8 SYSTEMPATH\CodeIgniter.php(841): CodeIgniter\Router\RouteCollection->loadRoutes()
 9 SYSTEMPATH\CodeIgniter.php(464): CodeIgniter\CodeIgniter->tryToRouteIt(null)
10 SYSTEMPATH\CodeIgniter.php(363): CodeIgniter\CodeIgniter->handleRequest(null, Object(Config\Cache), false)
11 SYSTEMPATH\Boot.php(417): CodeIgniter\CodeIgniter->run()
12 SYSTEMPATH\Boot.php(68): CodeIgniter\Boot::runCodeIgniter(Object(CodeIgniter\CodeIgniter))
13 FCPATH\index.php(59): CodeIgniter\Boot::bootWeb(Object(Config\Paths))
14 SYSTEMPATH\rewrite.php(44): require_once('C:\\project\\new_perumahan\\public\\index.php')
WARNING - 2026-09-26 02:47:54 --> [DEPRECATED] Function curl_close() is deprecated since 8.5, as it has no effect since PHP 8.0 in APPPATH\Controllers\Chat.php on line 183.
 1 APPPATH\Controllers\Chat.php(87): App\Controllers\Chat->callN8nWebhook('https://ercy.app.n8n.cloud/webhook/chat', 'cicilanya berapa', 'budi', [...], [...])
 2 SYSTEMPATH\CodeIgniter.php(974): App\Controllers\Chat->send()
 3 SYSTEMPATH\CodeIgniter.php(520): CodeIgniter\CodeIgniter->runController(Object(App\Controllers\Chat))
 4 SYSTEMPATH\CodeIgniter.php(363): CodeIgniter\CodeIgniter->handleRequest(null, Object(Config\Cache), false)
 5 SYSTEMPATH\Boot.php(417): CodeIgniter\CodeIgniter->run()
 6 SYSTEMPATH\Boot.php(68): CodeIgniter\Boot::runCodeIgniter(Object(CodeIgniter\CodeIgniter))
 7 FCPATH\index.php(59): CodeIgniter\Boot::bootWeb(Object(Config\Paths))
 8 SYSTEMPATH\rewrite.php(44): require_once('C:\\project\\new_perumahan\\public\\index.php')
ERROR - 2026-09-26 02:47:54 --> n8n Webhook Error: HTTP 500 - {"message":"Error in workflow"}
WARNING - 2026-09-26 02:47:54 --> n8n chat webhook failed: HTTP 500: {"message":"Error in workflow"}
DEBUG - 2026-09-26 02:47:54 --> Session: Class initialized using 'CodeIgniter\Session\Handlers\FileHandler' driver.
WARNING - 2026-09-26 02:48:16 --> [DEPRECATED] Passing lowercase HTTP method "get" is deprecated. Use uppercase HTTP method like "GET". in SYSTEMPATH\Router\RouteCollection.php on line 1026.
 1 SYSTEMPATH\Router\RouteCollection.php(1026): trigger_error('Passing lowercase HTTP method "get" is deprecated. Use uppercase HTTP method like "GET".', 16384)
 2 APPPATH\Config\Routes.php(83): CodeIgniter\Router\RouteCollection->match([...], 'connector', 'Admin\\Media::connector')
 3 SYSTEMPATH\Router\RouteCollection.php(799): CodeIgniter\Router\RouteCollection->{closure:{closure:C:\project\new_perumahan\app\Config\Routes.php:45}:79}(Object(CodeIgniter\Router\RouteCollection))
 4 APPPATH\Config\Routes.php(79): CodeIgniter\Router\RouteCollection->group('media', Object(Closure))
 5 SYSTEMPATH\Router\RouteCollection.php(799): CodeIgniter\Router\RouteCollection->{closure:C:\project\new_perumahan\app\Config\Routes.php:45}(Object(CodeIgniter\Router\RouteCollection))
 6 APPPATH\Config\Routes.php(45): CodeIgniter\Router\RouteCollection->group('admin', [...], Object(Closure))
 7 SYSTEMPATH\Router\RouteCollection.php(339): require('C:\\project\\new_perumahan\\app\\Config\\Routes.php')
 8 SYSTEMPATH\CodeIgniter.php(841): CodeIgniter\Router\RouteCollection->loadRoutes()
 9 SYSTEMPATH\CodeIgniter.php(464): CodeIgniter\CodeIgniter->tryToRouteIt(null)
10 SYSTEMPATH\CodeIgniter.php(363): CodeIgniter\CodeIgniter->handleRequest(null, Object(Config\Cache), false)
11 SYSTEMPATH\Boot.php(417): CodeIgniter\CodeIgniter->run()
12 SYSTEMPATH\Boot.php(68): CodeIgniter\Boot::runCodeIgniter(Object(CodeIgniter\CodeIgniter))
13 FCPATH\index.php(59): CodeIgniter\Boot::bootWeb(Object(Config\Paths))
14 SYSTEMPATH\rewrite.php(44): require_once('C:\\project\\new_perumahan\\public\\index.php')
WARNING - 2026-09-26 02:48:16 --> [DEPRECATED] Passing lowercase HTTP method "post" is deprecated. Use uppercase HTTP method like "POST". in SYSTEMPATH\Router\RouteCollection.php on line 1026.
 1 SYSTEMPATH\Router\RouteCollection.php(1026): trigger_error('Passing lowercase HTTP method "post" is deprecated. Use uppercase HTTP method like "POST".', 16384)
 2 APPPATH\Config\Routes.php(83): CodeIgniter\Router\RouteCollection->match([...], 'connector', 'Admin\\Media::connector')
 3 SYSTEMPATH\Router\RouteCollection.php(799): CodeIgniter\Router\RouteCollection->{closure:{closure:C:\project\new_perumahan\app\Config\Routes.php:45}:79}(Object(CodeIgniter\Router\RouteCollection))
 4 APPPATH\Config\Routes.php(79): CodeIgniter\Router\RouteCollection->group('media', Object(Closure))
 5 SYSTEMPATH\Router\RouteCollection.php(799): CodeIgniter\Router\RouteCollection->{closure:C:\project\new_perumahan\app\Config\Routes.php:45}(Object(CodeIgniter\Router\RouteCollection))
 6 APPPATH\Config\Routes.php(45): CodeIgniter\Router\RouteCollection->group('admin', [...], Object(Closure))
 7 SYSTEMPATH\Router\RouteCollection.php(339): require('C:\\project\\new_perumahan\\app\\Config\\Routes.php')
 8 SYSTEMPATH\CodeIgniter.php(841): CodeIgniter\Router\RouteCollection->loadRoutes()
 9 SYSTEMPATH\CodeIgniter.php(464): CodeIgniter\CodeIgniter->tryToRouteIt(null)
10 SYSTEMPATH\CodeIgniter.php(363): CodeIgniter\CodeIgniter->handleRequest(null, Object(Config\Cache), false)
11 SYSTEMPATH\Boot.php(417): CodeIgniter\CodeIgniter->run()
12 SYSTEMPATH\Boot.php(68): CodeIgniter\Boot::runCodeIgniter(Object(CodeIgniter\CodeIgniter))
13 FCPATH\index.php(59): CodeIgniter\Boot::bootWeb(Object(Config\Paths))
14 SYSTEMPATH\rewrite.php(44): require_once('C:\\project\\new_perumahan\\public\\index.php')
DEBUG - 2026-09-26 02:48:16 --> Session: Class initialized using 'CodeIgniter\Session\Handlers\FileHandler' driver.
WARNING - 2026-09-26 02:48:17 --> [DEPRECATED] Passing lowercase HTTP method "get" is deprecated. Use uppercase HTTP method like "GET". in SYSTEMPATH\Router\RouteCollection.php on line 1026.
 1 SYSTEMPATH\Router\RouteCollection.php(1026): trigger_error('Passing lowercase HTTP method "get" is deprecated. Use uppercase HTTP method like "GET".', 16384)
 2 APPPATH\Config\Routes.php(83): CodeIgniter\Router\RouteCollection->match([...], 'connector', 'Admin\\Media::connector')
 3 SYSTEMPATH\Router\RouteCollection.php(799): CodeIgniter\Router\RouteCollection->{closure:{closure:C:\project\new_perumahan\app\Config\Routes.php:45}:79}(Object(CodeIgniter\Router\RouteCollection))
 4 APPPATH\Config\Routes.php(79): CodeIgniter\Router\RouteCollection->group('media', Object(Closure))
 5 SYSTEMPATH\Router\RouteCollection.php(799): CodeIgniter\Router\RouteCollection->{closure:C:\project\new_perumahan\app\Config\Routes.php:45}(Object(CodeIgniter\Router\RouteCollection))
 6 APPPATH\Config\Routes.php(45): CodeIgniter\Router\RouteCollection->group('admin', [...], Object(Closure))
 7 SYSTEMPATH\Router\RouteCollection.php(339): require('C:\\project\\new_perumahan\\app\\Config\\Routes.php')
 8 SYSTEMPATH\CodeIgniter.php(841): CodeIgniter\Router\RouteCollection->loadRoutes()
 9 SYSTEMPATH\CodeIgniter.php(464): CodeIgniter\CodeIgniter->tryToRouteIt(null)
10 SYSTEMPATH\CodeIgniter.php(363): CodeIgniter\CodeIgniter->handleRequest(null, Object(Config\Cache), false)
11 SYSTEMPATH\Boot.php(417): CodeIgniter\CodeIgniter->run()
12 SYSTEMPATH\Boot.php(68): CodeIgniter\Boot::runCodeIgniter(Object(CodeIgniter\CodeIgniter))
13 FCPATH\index.php(59): CodeIgniter\Boot::bootWeb(Object(Config\Paths))
14 SYSTEMPATH\rewrite.php(44): require_once('C:\\project\\new_perumahan\\public\\index.php')
WARNING - 2026-09-26 02:48:17 --> [DEPRECATED] Passing lowercase HTTP method "post" is deprecated. Use uppercase HTTP method like "POST". in SYSTEMPATH\Router\RouteCollection.php on line 1026.
 1 SYSTEMPATH\Router\RouteCollection.php(1026): trigger_error('Passing lowercase HTTP method "post" is deprecated. Use uppercase HTTP method like "POST".', 16384)
 2 APPPATH\Config\Routes.php(83): CodeIgniter\Router\RouteCollection->match([...], 'connector', 'Admin\\Media::connector')
 3 SYSTEMPATH\Router\RouteCollection.php(799): CodeIgniter\Router\RouteCollection->{closure:{closure:C:\project\new_perumahan\app\Config\Routes.php:45}:79}(Object(CodeIgniter\Router\RouteCollection))
 4 APPPATH\Config\Routes.php(79): CodeIgniter\Router\RouteCollection->group('media', Object(Closure))
 5 SYSTEMPATH\Router\RouteCollection.php(799): CodeIgniter\Router\RouteCollection->{closure:C:\project\new_perumahan\app\Config\Routes.php:45}(Object(CodeIgniter\Router\RouteCollection))
 6 APPPATH\Config\Routes.php(45): CodeIgniter\Router\RouteCollection->group('admin', [...], Object(Closure))
 7 SYSTEMPATH\Router\RouteCollection.php(339): require('C:\\project\\new_perumahan\\app\\Config\\Routes.php')
 8 SYSTEMPATH\CodeIgniter.php(841): CodeIgniter\Router\RouteCollection->loadRoutes()
 9 SYSTEMPATH\CodeIgniter.php(464): CodeIgniter\CodeIgniter->tryToRouteIt(null)
10 SYSTEMPATH\CodeIgniter.php(363): CodeIgniter\CodeIgniter->handleRequest(null, Object(Config\Cache), false)
11 SYSTEMPATH\Boot.php(417): CodeIgniter\CodeIgniter->run()
12 SYSTEMPATH\Boot.php(68): CodeIgniter\Boot::runCodeIgniter(Object(CodeIgniter\CodeIgniter))
13 FCPATH\index.php(59): CodeIgniter\Boot::bootWeb(Object(Config\Paths))
14 SYSTEMPATH\rewrite.php(44): require_once('C:\\project\\new_perumahan\\public\\index.php')
DEBUG - 2026-09-26 02:48:17 --> Session: Class initialized using 'CodeIgniter\Session\Handlers\FileHandler' driver.
WARNING - 2026-09-26 02:48:21 --> [DEPRECATED] Passing lowercase HTTP method "get" is deprecated. Use uppercase HTTP method like "GET". in SYSTEMPATH\Router\RouteCollection.php on line 1026.
 1 SYSTEMPATH\Router\RouteCollection.php(1026): trigger_error('Passing lowercase HTTP method "get" is deprecated. Use uppercase HTTP method like "GET".', 16384)
 2 APPPATH\Config\Routes.php(83): CodeIgniter\Router\RouteCollection->match([...], 'connector', 'Admin\\Media::connector')
 3 SYSTEMPATH\Router\RouteCollection.php(799): CodeIgniter\Router\RouteCollection->{closure:{closure:C:\project\new_perumahan\app\Config\Routes.php:45}:79}(Object(CodeIgniter\Router\RouteCollection))
 4 APPPATH\Config\Routes.php(79): CodeIgniter\Router\RouteCollection->group('media', Object(Closure))
 5 SYSTEMPATH\Router\RouteCollection.php(799): CodeIgniter\Router\RouteCollection->{closure:C:\project\new_perumahan\app\Config\Routes.php:45}(Object(CodeIgniter\Router\RouteCollection))
 6 APPPATH\Config\Routes.php(45): CodeIgniter\Router\RouteCollection->group('admin', [...], Object(Closure))
 7 SYSTEMPATH\Router\RouteCollection.php(339): require('C:\\project\\new_perumahan\\app\\Config\\Routes.php')
 8 SYSTEMPATH\CodeIgniter.php(841): CodeIgniter\Router\RouteCollection->loadRoutes()
 9 SYSTEMPATH\CodeIgniter.php(464): CodeIgniter\CodeIgniter->tryToRouteIt(null)
10 SYSTEMPATH\CodeIgniter.php(363): CodeIgniter\CodeIgniter->handleRequest(null, Object(Config\Cache), false)
11 SYSTEMPATH\Boot.php(417): CodeIgniter\CodeIgniter->run()
12 SYSTEMPATH\Boot.php(68): CodeIgniter\Boot::runCodeIgniter(Object(CodeIgniter\CodeIgniter))
13 FCPATH\index.php(59): CodeIgniter\Boot::bootWeb(Object(Config\Paths))
14 SYSTEMPATH\rewrite.php(44): require_once('C:\\project\\new_perumahan\\public\\index.php')
WARNING - 2026-09-26 02:48:21 --> [DEPRECATED] Passing lowercase HTTP method "post" is deprecated. Use uppercase HTTP method like "POST". in SYSTEMPATH\Router\RouteCollection.php on line 1026.
 1 SYSTEMPATH\Router\RouteCollection.php(1026): trigger_error('Passing lowercase HTTP method "post" is deprecated. Use uppercase HTTP method like "POST".', 16384)
 2 APPPATH\Config\Routes.php(83): CodeIgniter\Router\RouteCollection->match([...], 'connector', 'Admin\\Media::connector')
 3 SYSTEMPATH\Router\RouteCollection.php(799): CodeIgniter\Router\RouteCollection->{closure:{closure:C:\project\new_perumahan\app\Config\Routes.php:45}:79}(Object(CodeIgniter\Router\RouteCollection))
 4 APPPATH\Config\Routes.php(79): CodeIgniter\Router\RouteCollection->group('media', Object(Closure))
 5 SYSTEMPATH\Router\RouteCollection.php(799): CodeIgniter\Router\RouteCollection->{closure:C:\project\new_perumahan\app\Config\Routes.php:45}(Object(CodeIgniter\Router\RouteCollection))
 6 APPPATH\Config\Routes.php(45): CodeIgniter\Router\RouteCollection->group('admin', [...], Object(Closure))
 7 SYSTEMPATH\Router\RouteCollection.php(339): require('C:\\project\\new_perumahan\\app\\Config\\Routes.php')
 8 SYSTEMPATH\CodeIgniter.php(841): CodeIgniter\Router\RouteCollection->loadRoutes()
 9 SYSTEMPATH\CodeIgniter.php(464): CodeIgniter\CodeIgniter->tryToRouteIt(null)
10 SYSTEMPATH\CodeIgniter.php(363): CodeIgniter\CodeIgniter->handleRequest(null, Object(Config\Cache), false)
11 SYSTEMPATH\Boot.php(417): CodeIgniter\CodeIgniter->run()
12 SYSTEMPATH\Boot.php(68): CodeIgniter\Boot::runCodeIgniter(Object(CodeIgniter\CodeIgniter))
13 FCPATH\index.php(59): CodeIgniter\Boot::bootWeb(Object(Config\Paths))
14 SYSTEMPATH\rewrite.php(44): require_once('C:\\project\\new_perumahan\\public\\index.php')
DEBUG - 2026-09-26 02:48:21 --> Session: Class initialized using 'CodeIgniter\Session\Handlers\FileHandler' driver.
WARNING - 2026-09-26 02:48:23 --> [DEPRECATED] Passing lowercase HTTP method "get" is deprecated. Use uppercase HTTP method like "GET". in SYSTEMPATH\Router\RouteCollection.php on line 1026.
 1 SYSTEMPATH\Router\RouteCollection.php(1026): trigger_error('Passing lowercase HTTP method "get" is deprecated. Use uppercase HTTP method like "GET".', 16384)
 2 APPPATH\Config\Routes.php(83): CodeIgniter\Router\RouteCollection->match([...], 'connector', 'Admin\\Media::connector')
 3 SYSTEMPATH\Router\RouteCollection.php(799): CodeIgniter\Router\RouteCollection->{closure:{closure:C:\project\new_perumahan\app\Config\Routes.php:45}:79}(Object(CodeIgniter\Router\RouteCollection))
 4 APPPATH\Config\Routes.php(79): CodeIgniter\Router\RouteCollection->group('media', Object(Closure))
 5 SYSTEMPATH\Router\RouteCollection.php(799): CodeIgniter\Router\RouteCollection->{closure:C:\project\new_perumahan\app\Config\Routes.php:45}(Object(CodeIgniter\Router\RouteCollection))
 6 APPPATH\Config\Routes.php(45): CodeIgniter\Router\RouteCollection->group('admin', [...], Object(Closure))
 7 SYSTEMPATH\Router\RouteCollection.php(339): require('C:\\project\\new_perumahan\\app\\Config\\Routes.php')
 8 SYSTEMPATH\CodeIgniter.php(841): CodeIgniter\Router\RouteCollection->loadRoutes()
 9 SYSTEMPATH\CodeIgniter.php(464): CodeIgniter\CodeIgniter->tryToRouteIt(null)
10 SYSTEMPATH\CodeIgniter.php(363): CodeIgniter\CodeIgniter->handleRequest(null, Object(Config\Cache), false)
11 SYSTEMPATH\Boot.php(417): CodeIgniter\CodeIgniter->run()
12 SYSTEMPATH\Boot.php(68): CodeIgniter\Boot::runCodeIgniter(Object(CodeIgniter\CodeIgniter))
13 FCPATH\index.php(59): CodeIgniter\Boot::bootWeb(Object(Config\Paths))
14 SYSTEMPATH\rewrite.php(44): require_once('C:\\project\\new_perumahan\\public\\index.php')
WARNING - 2026-09-26 02:48:23 --> [DEPRECATED] Passing lowercase HTTP method "post" is deprecated. Use uppercase HTTP method like "POST". in SYSTEMPATH\Router\RouteCollection.php on line 1026.
 1 SYSTEMPATH\Router\RouteCollection.php(1026): trigger_error('Passing lowercase HTTP method "post" is deprecated. Use uppercase HTTP method like "POST".', 16384)
 2 APPPATH\Config\Routes.php(83): CodeIgniter\Router\RouteCollection->match([...], 'connector', 'Admin\\Media::connector')
 3 SYSTEMPATH\Router\RouteCollection.php(799): CodeIgniter\Router\RouteCollection->{closure:{closure:C:\project\new_perumahan\app\Config\Routes.php:45}:79}(Object(CodeIgniter\Router\RouteCollection))
 4 APPPATH\Config\Routes.php(79): CodeIgniter\Router\RouteCollection->group('media', Object(Closure))
 5 SYSTEMPATH\Router\RouteCollection.php(799): CodeIgniter\Router\RouteCollection->{closure:C:\project\new_perumahan\app\Config\Routes.php:45}(Object(CodeIgniter\Router\RouteCollection))
 6 APPPATH\Config\Routes.php(45): CodeIgniter\Router\RouteCollection->group('admin', [...], Object(Closure))
 7 SYSTEMPATH\Router\RouteCollection.php(339): require('C:\\project\\new_perumahan\\app\\Config\\Routes.php')
 8 SYSTEMPATH\CodeIgniter.php(841): CodeIgniter\Router\RouteCollection->loadRoutes()
 9 SYSTEMPATH\CodeIgniter.php(464): CodeIgniter\CodeIgniter->tryToRouteIt(null)
10 SYSTEMPATH\CodeIgniter.php(363): CodeIgniter\CodeIgniter->handleRequest(null, Object(Config\Cache), false)
11 SYSTEMPATH\Boot.php(417): CodeIgniter\CodeIgniter->run()
12 SYSTEMPATH\Boot.php(68): CodeIgniter\Boot::runCodeIgniter(Object(CodeIgniter\CodeIgniter))
13 FCPATH\index.php(59): CodeIgniter\Boot::bootWeb(Object(Config\Paths))
14 SYSTEMPATH\rewrite.php(44): require_once('C:\\project\\new_perumahan\\public\\index.php')
DEBUG - 2026-09-26 02:48:23 --> Session: Class initialized using 'CodeIgniter\Session\Handlers\FileHandler' driver.
CRITICAL - 2026-09-26 02:48:24 --> ErrorException: Undefined variable $totalLeads
[Method: GET, Route: admin/dashboard]
in APPPATH\Controllers\Admin\Dashboard.php on line 40.
 1 APPPATH\Controllers\Admin\Dashboard.php(40): CodeIgniter\Debug\Exceptions->errorHandler(2, 'Undefined variable $totalLeads', 'C:\\project\\new_perumahan\\app\\Controllers\\Admin\\Dashboard.php', 40)
 2 SYSTEMPATH\CodeIgniter.php(974): App\Controllers\Admin\Dashboard->index()
 3 SYSTEMPATH\CodeIgniter.php(520): CodeIgniter\CodeIgniter->runController(Object(App\Controllers\Admin\Dashboard))
 4 SYSTEMPATH\CodeIgniter.php(363): CodeIgniter\CodeIgniter->handleRequest(null, Object(Config\Cache), false)
 5 SYSTEMPATH\Boot.php(417): CodeIgniter\CodeIgniter->run()
 6 SYSTEMPATH\Boot.php(68): CodeIgniter\Boot::runCodeIgniter(Object(CodeIgniter\CodeIgniter))
 7 FCPATH\index.php(59): CodeIgniter\Boot::bootWeb(Object(Config\Paths))
 8 SYSTEMPATH\rewrite.php(44): require_once('C:\\project\\new_perumahan\\public\\index.php')
WARNING - 2026-09-26 02:48:39 --> [DEPRECATED] Passing lowercase HTTP method "get" is deprecated. Use uppercase HTTP method like "GET". in SYSTEMPATH\Router\RouteCollection.php on line 1026.
 1 SYSTEMPATH\Router\RouteCollection.php(1026): trigger_error('Passing lowercase HTTP method "get" is deprecated. Use uppercase HTTP method like "GET".', 16384)
 2 APPPATH\Config\Routes.php(83): CodeIgniter\Router\RouteCollection->match([...], 'connector', 'Admin\\Media::connector')
 3 SYSTEMPATH\Router\RouteCollection.php(799): CodeIgniter\Router\RouteCollection->{closure:{closure:C:\project\new_perumahan\app\Config\Routes.php:45}:79}(Object(CodeIgniter\Router\RouteCollection))
 4 APPPATH\Config\Routes.php(79): CodeIgniter\Router\RouteCollection->group('media', Object(Closure))
 5 SYSTEMPATH\Router\RouteCollection.php(799): CodeIgniter\Router\RouteCollection->{closure:C:\project\new_perumahan\app\Config\Routes.php:45}(Object(CodeIgniter\Router\RouteCollection))
 6 APPPATH\Config\Routes.php(45): CodeIgniter\Router\RouteCollection->group('admin', [...], Object(Closure))
 7 SYSTEMPATH\Router\RouteCollection.php(339): require('C:\\project\\new_perumahan\\app\\Config\\Routes.php')
 8 SYSTEMPATH\CodeIgniter.php(841): CodeIgniter\Router\RouteCollection->loadRoutes()
 9 SYSTEMPATH\CodeIgniter.php(464): CodeIgniter\CodeIgniter->tryToRouteIt(null)
10 SYSTEMPATH\CodeIgniter.php(363): CodeIgniter\CodeIgniter->handleRequest(null, Object(Config\Cache), false)
11 SYSTEMPATH\Boot.php(417): CodeIgniter\CodeIgniter->run()
12 SYSTEMPATH\Boot.php(68): CodeIgniter\Boot::runCodeIgniter(Object(CodeIgniter\CodeIgniter))
13 FCPATH\index.php(59): CodeIgniter\Boot::bootWeb(Object(Config\Paths))
14 SYSTEMPATH\rewrite.php(44): require_once('C:\\project\\new_perumahan\\public\\index.php')
WARNING - 2026-09-26 02:48:39 --> [DEPRECATED] Passing lowercase HTTP method "post" is deprecated. Use uppercase HTTP method like "POST". in SYSTEMPATH\Router\RouteCollection.php on line 1026.
 1 SYSTEMPATH\Router\RouteCollection.php(1026): trigger_error('Passing lowercase HTTP method "post" is deprecated. Use uppercase HTTP method like "POST".', 16384)
 2 APPPATH\Config\Routes.php(83): CodeIgniter\Router\RouteCollection->match([...], 'connector', 'Admin\\Media::connector')
 3 SYSTEMPATH\Router\RouteCollection.php(799): CodeIgniter\Router\RouteCollection->{closure:{closure:C:\project\new_perumahan\app\Config\Routes.php:45}:79}(Object(CodeIgniter\Router\RouteCollection))
 4 APPPATH\Config\Routes.php(79): CodeIgniter\Router\RouteCollection->group('media', Object(Closure))
 5 SYSTEMPATH\Router\RouteCollection.php(799): CodeIgniter\Router\RouteCollection->{closure:C:\project\new_perumahan\app\Config\Routes.php:45}(Object(CodeIgniter\Router\RouteCollection))
 6 APPPATH\Config\Routes.php(45): CodeIgniter\Router\RouteCollection->group('admin', [...], Object(Closure))
 7 SYSTEMPATH\Router\RouteCollection.php(339): require('C:\\project\\new_perumahan\\app\\Config\\Routes.php')
 8 SYSTEMPATH\CodeIgniter.php(841): CodeIgniter\Router\RouteCollection->loadRoutes()
 9 SYSTEMPATH\CodeIgniter.php(464): CodeIgniter\CodeIgniter->tryToRouteIt(null)
10 SYSTEMPATH\CodeIgniter.php(363): CodeIgniter\CodeIgniter->handleRequest(null, Object(Config\Cache), false)
11 SYSTEMPATH\Boot.php(417): CodeIgniter\CodeIgniter->run()
12 SYSTEMPATH\Boot.php(68): CodeIgniter\Boot::runCodeIgniter(Object(CodeIgniter\CodeIgniter))
13 FCPATH\index.php(59): CodeIgniter\Boot::bootWeb(Object(Config\Paths))
14 SYSTEMPATH\rewrite.php(44): require_once('C:\\project\\new_perumahan\\public\\index.php')
DEBUG - 2026-09-26 02:48:40 --> Session: Class initialized using 'CodeIgniter\Session\Handlers\FileHandler' driver.
WARNING - 2026-09-26 02:48:48 --> [DEPRECATED] Passing lowercase HTTP method "get" is deprecated. Use uppercase HTTP method like "GET". in SYSTEMPATH\Router\RouteCollection.php on line 1026.
 1 SYSTEMPATH\Router\RouteCollection.php(1026): trigger_error('Passing lowercase HTTP method "get" is deprecated. Use uppercase HTTP method like "GET".', 16384)
 2 APPPATH\Config\Routes.php(83): CodeIgniter\Router\RouteCollection->match([...], 'connector', 'Admin\\Media::connector')
 3 SYSTEMPATH\Router\RouteCollection.php(799): CodeIgniter\Router\RouteCollection->{closure:{closure:C:\project\new_perumahan\app\Config\Routes.php:45}:79}(Object(CodeIgniter\Router\RouteCollection))
 4 APPPATH\Config\Routes.php(79): CodeIgniter\Router\RouteCollection->group('media', Object(Closure))
 5 SYSTEMPATH\Router\RouteCollection.php(799): CodeIgniter\Router\RouteCollection->{closure:C:\project\new_perumahan\app\Config\Routes.php:45}(Object(CodeIgniter\Router\RouteCollection))
 6 APPPATH\Config\Routes.php(45): CodeIgniter\Router\RouteCollection->group('admin', [...], Object(Closure))
 7 SYSTEMPATH\Router\RouteCollection.php(339): require('C:\\project\\new_perumahan\\app\\Config\\Routes.php')
 8 SYSTEMPATH\CodeIgniter.php(841): CodeIgniter\Router\RouteCollection->loadRoutes()
 9 SYSTEMPATH\CodeIgniter.php(464): CodeIgniter\CodeIgniter->tryToRouteIt(null)
10 SYSTEMPATH\CodeIgniter.php(363): CodeIgniter\CodeIgniter->handleRequest(null, Object(Config\Cache), false)
11 SYSTEMPATH\Boot.php(417): CodeIgniter\CodeIgniter->run()
12 SYSTEMPATH\Boot.php(68): CodeIgniter\Boot::runCodeIgniter(Object(CodeIgniter\CodeIgniter))
13 FCPATH\index.php(59): CodeIgniter\Boot::bootWeb(Object(Config\Paths))
14 SYSTEMPATH\rewrite.php(44): require_once('C:\\project\\new_perumahan\\public\\index.php')
WARNING - 2026-09-26 02:48:48 --> [DEPRECATED] Passing lowercase HTTP method "post" is deprecated. Use uppercase HTTP method like "POST". in SYSTEMPATH\Router\RouteCollection.php on line 1026.
 1 SYSTEMPATH\Router\RouteCollection.php(1026): trigger_error('Passing lowercase HTTP method "post" is deprecated. Use uppercase HTTP method like "POST".', 16384)
 2 APPPATH\Config\Routes.php(83): CodeIgniter\Router\RouteCollection->match([...], 'connector', 'Admin\\Media::connector')
 3 SYSTEMPATH\Router\RouteCollection.php(799): CodeIgniter\Router\RouteCollection->{closure:{closure:C:\project\new_perumahan\app\Config\Routes.php:45}:79}(Object(CodeIgniter\Router\RouteCollection))
 4 APPPATH\Config\Routes.php(79): CodeIgniter\Router\RouteCollection->group('media', Object(Closure))
 5 SYSTEMPATH\Router\RouteCollection.php(799): CodeIgniter\Router\RouteCollection->{closure:C:\project\new_perumahan\app\Config\Routes.php:45}(Object(CodeIgniter\Router\RouteCollection))
 6 APPPATH\Config\Routes.php(45): CodeIgniter\Router\RouteCollection->group('admin', [...], Object(Closure))
 7 SYSTEMPATH\Router\RouteCollection.php(339): require('C:\\project\\new_perumahan\\app\\Config\\Routes.php')
 8 SYSTEMPATH\CodeIgniter.php(841): CodeIgniter\Router\RouteCollection->loadRoutes()
 9 SYSTEMPATH\CodeIgniter.php(464): CodeIgniter\CodeIgniter->tryToRouteIt(null)
10 SYSTEMPATH\CodeIgniter.php(363): CodeIgniter\CodeIgniter->handleRequest(null, Object(Config\Cache), false)
11 SYSTEMPATH\Boot.php(417): CodeIgniter\CodeIgniter->run()
12 SYSTEMPATH\Boot.php(68): CodeIgniter\Boot::runCodeIgniter(Object(CodeIgniter\CodeIgniter))
13 FCPATH\index.php(59): CodeIgniter\Boot::bootWeb(Object(Config\Paths))
14 SYSTEMPATH\rewrite.php(44): require_once('C:\\project\\new_perumahan\\public\\index.php')
DEBUG - 2026-09-26 02:48:48 --> Session: Class initialized using 'CodeIgniter\Session\Handlers\FileHandler' driver.
WARNING - 2026-09-26 02:48:52 --> [DEPRECATED] Passing lowercase HTTP method "get" is deprecated. Use uppercase HTTP method like "GET". in SYSTEMPATH\Router\RouteCollection.php on line 1026.
 1 SYSTEMPATH\Router\RouteCollection.php(1026): trigger_error('Passing lowercase HTTP method "get" is deprecated. Use uppercase HTTP method like "GET".', 16384)
 2 APPPATH\Config\Routes.php(83): CodeIgniter\Router\RouteCollection->match([...], 'connector', 'Admin\\Media::connector')
 3 SYSTEMPATH\Router\RouteCollection.php(799): CodeIgniter\Router\RouteCollection->{closure:{closure:C:\project\new_perumahan\app\Config\Routes.php:45}:79}(Object(CodeIgniter\Router\RouteCollection))
 4 APPPATH\Config\Routes.php(79): CodeIgniter\Router\RouteCollection->group('media', Object(Closure))
 5 SYSTEMPATH\Router\RouteCollection.php(799): CodeIgniter\Router\RouteCollection->{closure:C:\project\new_perumahan\app\Config\Routes.php:45}(Object(CodeIgniter\Router\RouteCollection))
 6 APPPATH\Config\Routes.php(45): CodeIgniter\Router\RouteCollection->group('admin', [...], Object(Closure))
 7 SYSTEMPATH\Router\RouteCollection.php(339): require('C:\\project\\new_perumahan\\app\\Config\\Routes.php')
 8 SYSTEMPATH\CodeIgniter.php(841): CodeIgniter\Router\RouteCollection->loadRoutes()
 9 SYSTEMPATH\CodeIgniter.php(464): CodeIgniter\CodeIgniter->tryToRouteIt(null)
10 SYSTEMPATH\CodeIgniter.php(363): CodeIgniter\CodeIgniter->handleRequest(null, Object(Config\Cache), false)
11 SYSTEMPATH\Boot.php(417): CodeIgniter\CodeIgniter->run()
12 SYSTEMPATH\Boot.php(68): CodeIgniter\Boot::runCodeIgniter(Object(CodeIgniter\CodeIgniter))
13 FCPATH\index.php(59): CodeIgniter\Boot::bootWeb(Object(Config\Paths))
14 SYSTEMPATH\rewrite.php(44): require_once('C:\\project\\new_perumahan\\public\\index.php')
WARNING - 2026-09-26 02:48:52 --> [DEPRECATED] Passing lowercase HTTP method "post" is deprecated. Use uppercase HTTP method like "POST". in SYSTEMPATH\Router\RouteCollection.php on line 1026.
 1 SYSTEMPATH\Router\RouteCollection.php(1026): trigger_error('Passing lowercase HTTP method "post" is deprecated. Use uppercase HTTP method like "POST".', 16384)
 2 APPPATH\Config\Routes.php(83): CodeIgniter\Router\RouteCollection->match([...], 'connector', 'Admin\\Media::connector')
 3 SYSTEMPATH\Router\RouteCollection.php(799): CodeIgniter\Router\RouteCollection->{closure:{closure:C:\project\new_perumahan\app\Config\Routes.php:45}:79}(Object(CodeIgniter\Router\RouteCollection))
 4 APPPATH\Config\Routes.php(79): CodeIgniter\Router\RouteCollection->group('media', Object(Closure))
 5 SYSTEMPATH\Router\RouteCollection.php(799): CodeIgniter\Router\RouteCollection->{closure:C:\project\new_perumahan\app\Config\Routes.php:45}(Object(CodeIgniter\Router\RouteCollection))
 6 APPPATH\Config\Routes.php(45): CodeIgniter\Router\RouteCollection->group('admin', [...], Object(Closure))
 7 SYSTEMPATH\Router\RouteCollection.php(339): require('C:\\project\\new_perumahan\\app\\Config\\Routes.php')
 8 SYSTEMPATH\CodeIgniter.php(841): CodeIgniter\Router\RouteCollection->loadRoutes()
 9 SYSTEMPATH\CodeIgniter.php(464): CodeIgniter\CodeIgniter->tryToRouteIt(null)
10 SYSTEMPATH\CodeIgniter.php(363): CodeIgniter\CodeIgniter->handleRequest(null, Object(Config\Cache), false)
11 SYSTEMPATH\Boot.php(417): CodeIgniter\CodeIgniter->run()
12 SYSTEMPATH\Boot.php(68): CodeIgniter\Boot::runCodeIgniter(Object(CodeIgniter\CodeIgniter))
13 FCPATH\index.php(59): CodeIgniter\Boot::bootWeb(Object(Config\Paths))
14 SYSTEMPATH\rewrite.php(44): require_once('C:\\project\\new_perumahan\\public\\index.php')
DEBUG - 2026-09-26 02:48:52 --> Session: Class initialized using 'CodeIgniter\Session\Handlers\FileHandler' driver.
CRITICAL - 2026-09-26 02:48:52 --> ErrorException: Undefined variable $totalLeads
[Method: GET, Route: admin/dashboard]
in APPPATH\Controllers\Admin\Dashboard.php on line 40.
 1 APPPATH\Controllers\Admin\Dashboard.php(40): CodeIgniter\Debug\Exceptions->errorHandler(2, 'Undefined variable $totalLeads', 'C:\\project\\new_perumahan\\app\\Controllers\\Admin\\Dashboard.php', 40)
 2 SYSTEMPATH\CodeIgniter.php(974): App\Controllers\Admin\Dashboard->index()
 3 SYSTEMPATH\CodeIgniter.php(520): CodeIgniter\CodeIgniter->runController(Object(App\Controllers\Admin\Dashboard))
 4 SYSTEMPATH\CodeIgniter.php(363): CodeIgniter\CodeIgniter->handleRequest(null, Object(Config\Cache), false)
 5 SYSTEMPATH\Boot.php(417): CodeIgniter\CodeIgniter->run()
 6 SYSTEMPATH\Boot.php(68): CodeIgniter\Boot::runCodeIgniter(Object(CodeIgniter\CodeIgniter))
 7 FCPATH\index.php(59): CodeIgniter\Boot::bootWeb(Object(Config\Paths))
 8 SYSTEMPATH\rewrite.php(44): require_once('C:\\project\\new_perumahan\\public\\index.php')
WARNING - 2026-09-26 02:48:58 --> [DEPRECATED] Passing lowercase HTTP method "get" is deprecated. Use uppercase HTTP method like "GET". in SYSTEMPATH\Router\RouteCollection.php on line 1026.
 1 SYSTEMPATH\Router\RouteCollection.php(1026): trigger_error('Passing lowercase HTTP method "get" is deprecated. Use uppercase HTTP method like "GET".', 16384)
 2 APPPATH\Config\Routes.php(83): CodeIgniter\Router\RouteCollection->match([...], 'connector', 'Admin\\Media::connector')
 3 SYSTEMPATH\Router\RouteCollection.php(799): CodeIgniter\Router\RouteCollection->{closure:{closure:C:\project\new_perumahan\app\Config\Routes.php:45}:79}(Object(CodeIgniter\Router\RouteCollection))
 4 APPPATH\Config\Routes.php(79): CodeIgniter\Router\RouteCollection->group('media', Object(Closure))
 5 SYSTEMPATH\Router\RouteCollection.php(799): CodeIgniter\Router\RouteCollection->{closure:C:\project\new_perumahan\app\Config\Routes.php:45}(Object(CodeIgniter\Router\RouteCollection))
 6 APPPATH\Config\Routes.php(45): CodeIgniter\Router\RouteCollection->group('admin', [...], Object(Closure))
 7 SYSTEMPATH\Router\RouteCollection.php(339): require('C:\\project\\new_perumahan\\app\\Config\\Routes.php')
 8 SYSTEMPATH\CodeIgniter.php(841): CodeIgniter\Router\RouteCollection->loadRoutes()
 9 SYSTEMPATH\CodeIgniter.php(464): CodeIgniter\CodeIgniter->tryToRouteIt(null)
10 SYSTEMPATH\CodeIgniter.php(363): CodeIgniter\CodeIgniter->handleRequest(null, Object(Config\Cache), false)
11 SYSTEMPATH\Boot.php(417): CodeIgniter\CodeIgniter->run()
12 SYSTEMPATH\Boot.php(68): CodeIgniter\Boot::runCodeIgniter(Object(CodeIgniter\CodeIgniter))
13 FCPATH\index.php(59): CodeIgniter\Boot::bootWeb(Object(Config\Paths))
14 SYSTEMPATH\rewrite.php(44): require_once('C:\\project\\new_perumahan\\public\\index.php')
WARNING - 2026-09-26 02:48:58 --> [DEPRECATED] Passing lowercase HTTP method "post" is deprecated. Use uppercase HTTP method like "POST". in SYSTEMPATH\Router\RouteCollection.php on line 1026.
 1 SYSTEMPATH\Router\RouteCollection.php(1026): trigger_error('Passing lowercase HTTP method "post" is deprecated. Use uppercase HTTP method like "POST".', 16384)
 2 APPPATH\Config\Routes.php(83): CodeIgniter\Router\RouteCollection->match([...], 'connector', 'Admin\\Media::connector')
 3 SYSTEMPATH\Router\RouteCollection.php(799): CodeIgniter\Router\RouteCollection->{closure:{closure:C:\project\new_perumahan\app\Config\Routes.php:45}:79}(Object(CodeIgniter\Router\RouteCollection))
 4 APPPATH\Config\Routes.php(79): CodeIgniter\Router\RouteCollection->group('media', Object(Closure))
 5 SYSTEMPATH\Router\RouteCollection.php(799): CodeIgniter\Router\RouteCollection->{closure:C:\project\new_perumahan\app\Config\Routes.php:45}(Object(CodeIgniter\Router\RouteCollection))
 6 APPPATH\Config\Routes.php(45): CodeIgniter\Router\RouteCollection->group('admin', [...], Object(Closure))
 7 SYSTEMPATH\Router\RouteCollection.php(339): require('C:\\project\\new_perumahan\\app\\Config\\Routes.php')
 8 SYSTEMPATH\CodeIgniter.php(841): CodeIgniter\Router\RouteCollection->loadRoutes()
 9 SYSTEMPATH\CodeIgniter.php(464): CodeIgniter\CodeIgniter->tryToRouteIt(null)
10 SYSTEMPATH\CodeIgniter.php(363): CodeIgniter\CodeIgniter->handleRequest(null, Object(Config\Cache), false)
11 SYSTEMPATH\Boot.php(417): CodeIgniter\CodeIgniter->run()
12 SYSTEMPATH\Boot.php(68): CodeIgniter\Boot::runCodeIgniter(Object(CodeIgniter\CodeIgniter))
13 FCPATH\index.php(59): CodeIgniter\Boot::bootWeb(Object(Config\Paths))
14 SYSTEMPATH\rewrite.php(44): require_once('C:\\project\\new_perumahan\\public\\index.php')
DEBUG - 2026-09-26 02:48:58 --> Session: Class initialized using 'CodeIgniter\Session\Handlers\FileHandler' driver.
WARNING - 2026-09-26 02:49:08 --> [DEPRECATED] Passing lowercase HTTP method "get" is deprecated. Use uppercase HTTP method like "GET". in SYSTEMPATH\Router\RouteCollection.php on line 1026.
 1 SYSTEMPATH\Router\RouteCollection.php(1026): trigger_error('Passing lowercase HTTP method "get" is deprecated. Use uppercase HTTP method like "GET".', 16384)
 2 APPPATH\Config\Routes.php(83): CodeIgniter\Router\RouteCollection->match([...], 'connector', 'Admin\\Media::connector')
 3 SYSTEMPATH\Router\RouteCollection.php(799): CodeIgniter\Router\RouteCollection->{closure:{closure:C:\project\new_perumahan\app\Config\Routes.php:45}:79}(Object(CodeIgniter\Router\RouteCollection))
 4 APPPATH\Config\Routes.php(79): CodeIgniter\Router\RouteCollection->group('media', Object(Closure))
 5 SYSTEMPATH\Router\RouteCollection.php(799): CodeIgniter\Router\RouteCollection->{closure:C:\project\new_perumahan\app\Config\Routes.php:45}(Object(CodeIgniter\Router\RouteCollection))
 6 APPPATH\Config\Routes.php(45): CodeIgniter\Router\RouteCollection->group('admin', [...], Object(Closure))
 7 SYSTEMPATH\Router\RouteCollection.php(339): require('C:\\project\\new_perumahan\\app\\Config\\Routes.php')
 8 SYSTEMPATH\CodeIgniter.php(841): CodeIgniter\Router\RouteCollection->loadRoutes()
 9 SYSTEMPATH\CodeIgniter.php(464): CodeIgniter\CodeIgniter->tryToRouteIt(null)
10 SYSTEMPATH\CodeIgniter.php(363): CodeIgniter\CodeIgniter->handleRequest(null, Object(Config\Cache), false)
11 SYSTEMPATH\Boot.php(417): CodeIgniter\CodeIgniter->run()
12 SYSTEMPATH\Boot.php(68): CodeIgniter\Boot::runCodeIgniter(Object(CodeIgniter\CodeIgniter))
13 FCPATH\index.php(59): CodeIgniter\Boot::bootWeb(Object(Config\Paths))
14 SYSTEMPATH\rewrite.php(44): require_once('C:\\project\\new_perumahan\\public\\index.php')
WARNING - 2026-09-26 02:49:08 --> [DEPRECATED] Passing lowercase HTTP method "post" is deprecated. Use uppercase HTTP method like "POST". in SYSTEMPATH\Router\RouteCollection.php on line 1026.
 1 SYSTEMPATH\Router\RouteCollection.php(1026): trigger_error('Passing lowercase HTTP method "post" is deprecated. Use uppercase HTTP method like "POST".', 16384)
 2 APPPATH\Config\Routes.php(83): CodeIgniter\Router\RouteCollection->match([...], 'connector', 'Admin\\Media::connector')
 3 SYSTEMPATH\Router\RouteCollection.php(799): CodeIgniter\Router\RouteCollection->{closure:{closure:C:\project\new_perumahan\app\Config\Routes.php:45}:79}(Object(CodeIgniter\Router\RouteCollection))
 4 APPPATH\Config\Routes.php(79): CodeIgniter\Router\RouteCollection->group('media', Object(Closure))
 5 SYSTEMPATH\Router\RouteCollection.php(799): CodeIgniter\Router\RouteCollection->{closure:C:\project\new_perumahan\app\Config\Routes.php:45}(Object(CodeIgniter\Router\RouteCollection))
 6 APPPATH\Config\Routes.php(45): CodeIgniter\Router\RouteCollection->group('admin', [...], Object(Closure))
 7 SYSTEMPATH\Router\RouteCollection.php(339): require('C:\\project\\new_perumahan\\app\\Config\\Routes.php')
 8 SYSTEMPATH\CodeIgniter.php(841): CodeIgniter\Router\RouteCollection->loadRoutes()
 9 SYSTEMPATH\CodeIgniter.php(464): CodeIgniter\CodeIgniter->tryToRouteIt(null)
10 SYSTEMPATH\CodeIgniter.php(363): CodeIgniter\CodeIgniter->handleRequest(null, Object(Config\Cache), false)
11 SYSTEMPATH\Boot.php(417): CodeIgniter\CodeIgniter->run()
12 SYSTEMPATH\Boot.php(68): CodeIgniter\Boot::runCodeIgniter(Object(CodeIgniter\CodeIgniter))
13 FCPATH\index.php(59): CodeIgniter\Boot::bootWeb(Object(Config\Paths))
14 SYSTEMPATH\rewrite.php(44): require_once('C:\\project\\new_perumahan\\public\\index.php')
DEBUG - 2026-09-26 02:49:08 --> Session: Class initialized using 'CodeIgniter\Session\Handlers\FileHandler' driver.
WARNING - 2026-09-26 02:49:15 --> [DEPRECATED] Passing lowercase HTTP method "get" is deprecated. Use uppercase HTTP method like "GET". in SYSTEMPATH\Router\RouteCollection.php on line 1026.
 1 SYSTEMPATH\Router\RouteCollection.php(1026): trigger_error('Passing lowercase HTTP method "get" is deprecated. Use uppercase HTTP method like "GET".', 16384)
 2 APPPATH\Config\Routes.php(83): CodeIgniter\Router\RouteCollection->match([...], 'connector', 'Admin\\Media::connector')
 3 SYSTEMPATH\Router\RouteCollection.php(799): CodeIgniter\Router\RouteCollection->{closure:{closure:C:\project\new_perumahan\app\Config\Routes.php:45}:79}(Object(CodeIgniter\Router\RouteCollection))
 4 APPPATH\Config\Routes.php(79): CodeIgniter\Router\RouteCollection->group('media', Object(Closure))
 5 SYSTEMPATH\Router\RouteCollection.php(799): CodeIgniter\Router\RouteCollection->{closure:C:\project\new_perumahan\app\Config\Routes.php:45}(Object(CodeIgniter\Router\RouteCollection))
 6 APPPATH\Config\Routes.php(45): CodeIgniter\Router\RouteCollection->group('admin', [...], Object(Closure))
 7 SYSTEMPATH\Router\RouteCollection.php(339): require('C:\\project\\new_perumahan\\app\\Config\\Routes.php')
 8 SYSTEMPATH\CodeIgniter.php(841): CodeIgniter\Router\RouteCollection->loadRoutes()
 9 SYSTEMPATH\CodeIgniter.php(464): CodeIgniter\CodeIgniter->tryToRouteIt(null)
10 SYSTEMPATH\CodeIgniter.php(363): CodeIgniter\CodeIgniter->handleRequest(null, Object(Config\Cache), false)
11 SYSTEMPATH\Boot.php(417): CodeIgniter\CodeIgniter->run()
12 SYSTEMPATH\Boot.php(68): CodeIgniter\Boot::runCodeIgniter(Object(CodeIgniter\CodeIgniter))
13 FCPATH\index.php(59): CodeIgniter\Boot::bootWeb(Object(Config\Paths))
14 SYSTEMPATH\rewrite.php(44): require_once('C:\\project\\new_perumahan\\public\\index.php')
WARNING - 2026-09-26 02:49:15 --> [DEPRECATED] Passing lowercase HTTP method "post" is deprecated. Use uppercase HTTP method like "POST". in SYSTEMPATH\Router\RouteCollection.php on line 1026.
 1 SYSTEMPATH\Router\RouteCollection.php(1026): trigger_error('Passing lowercase HTTP method "post" is deprecated. Use uppercase HTTP method like "POST".', 16384)
 2 APPPATH\Config\Routes.php(83): CodeIgniter\Router\RouteCollection->match([...], 'connector', 'Admin\\Media::connector')
 3 SYSTEMPATH\Router\RouteCollection.php(799): CodeIgniter\Router\RouteCollection->{closure:{closure:C:\project\new_perumahan\app\Config\Routes.php:45}:79}(Object(CodeIgniter\Router\RouteCollection))
 4 APPPATH\Config\Routes.php(79): CodeIgniter\Router\RouteCollection->group('media', Object(Closure))
 5 SYSTEMPATH\Router\RouteCollection.php(799): CodeIgniter\Router\RouteCollection->{closure:C:\project\new_perumahan\app\Config\Routes.php:45}(Object(CodeIgniter\Router\RouteCollection))
 6 APPPATH\Config\Routes.php(45): CodeIgniter\Router\RouteCollection->group('admin', [...], Object(Closure))
 7 SYSTEMPATH\Router\RouteCollection.php(339): require('C:\\project\\new_perumahan\\app\\Config\\Routes.php')
 8 SYSTEMPATH\CodeIgniter.php(841): CodeIgniter\Router\RouteCollection->loadRoutes()
 9 SYSTEMPATH\CodeIgniter.php(464): CodeIgniter\CodeIgniter->tryToRouteIt(null)
10 SYSTEMPATH\CodeIgniter.php(363): CodeIgniter\CodeIgniter->handleRequest(null, Object(Config\Cache), false)
11 SYSTEMPATH\Boot.php(417): CodeIgniter\CodeIgniter->run()
12 SYSTEMPATH\Boot.php(68): CodeIgniter\Boot::runCodeIgniter(Object(CodeIgniter\CodeIgniter))
13 FCPATH\index.php(59): CodeIgniter\Boot::bootWeb(Object(Config\Paths))
14 SYSTEMPATH\rewrite.php(44): require_once('C:\\project\\new_perumahan\\public\\index.php')
DEBUG - 2026-09-26 02:49:15 --> Session: Class initialized using 'CodeIgniter\Session\Handlers\FileHandler' driver.
WARNING - 2026-09-26 02:49:46 --> [DEPRECATED] Passing lowercase HTTP method "get" is deprecated. Use uppercase HTTP method like "GET". in SYSTEMPATH\Router\RouteCollection.php on line 1026.
 1 SYSTEMPATH\Router\RouteCollection.php(1026): trigger_error('Passing lowercase HTTP method "get" is deprecated. Use uppercase HTTP method like "GET".', 16384)
 2 APPPATH\Config\Routes.php(83): CodeIgniter\Router\RouteCollection->match([...], 'connector', 'Admin\\Media::connector')
 3 SYSTEMPATH\Router\RouteCollection.php(799): CodeIgniter\Router\RouteCollection->{closure:{closure:C:\project\new_perumahan\app\Config\Routes.php:45}:79}(Object(CodeIgniter\Router\RouteCollection))
 4 APPPATH\Config\Routes.php(79): CodeIgniter\Router\RouteCollection->group('media', Object(Closure))
 5 SYSTEMPATH\Router\RouteCollection.php(799): CodeIgniter\Router\RouteCollection->{closure:C:\project\new_perumahan\app\Config\Routes.php:45}(Object(CodeIgniter\Router\RouteCollection))
 6 APPPATH\Config\Routes.php(45): CodeIgniter\Router\RouteCollection->group('admin', [...], Object(Closure))
 7 SYSTEMPATH\Router\RouteCollection.php(339): require('C:\\project\\new_perumahan\\app\\Config\\Routes.php')
 8 SYSTEMPATH\CodeIgniter.php(841): CodeIgniter\Router\RouteCollection->loadRoutes()
 9 SYSTEMPATH\CodeIgniter.php(464): CodeIgniter\CodeIgniter->tryToRouteIt(null)
10 SYSTEMPATH\CodeIgniter.php(363): CodeIgniter\CodeIgniter->handleRequest(null, Object(Config\Cache), false)
11 SYSTEMPATH\Boot.php(417): CodeIgniter\CodeIgniter->run()
12 SYSTEMPATH\Boot.php(68): CodeIgniter\Boot::runCodeIgniter(Object(CodeIgniter\CodeIgniter))
13 FCPATH\index.php(59): CodeIgniter\Boot::bootWeb(Object(Config\Paths))
14 SYSTEMPATH\rewrite.php(44): require_once('C:\\project\\new_perumahan\\public\\index.php')
WARNING - 2026-09-26 02:49:46 --> [DEPRECATED] Passing lowercase HTTP method "post" is deprecated. Use uppercase HTTP method like "POST". in SYSTEMPATH\Router\RouteCollection.php on line 1026.
 1 SYSTEMPATH\Router\RouteCollection.php(1026): trigger_error('Passing lowercase HTTP method "post" is deprecated. Use uppercase HTTP method like "POST".', 16384)
 2 APPPATH\Config\Routes.php(83): CodeIgniter\Router\RouteCollection->match([...], 'connector', 'Admin\\Media::connector')
 3 SYSTEMPATH\Router\RouteCollection.php(799): CodeIgniter\Router\RouteCollection->{closure:{closure:C:\project\new_perumahan\app\Config\Routes.php:45}:79}(Object(CodeIgniter\Router\RouteCollection))
 4 APPPATH\Config\Routes.php(79): CodeIgniter\Router\RouteCollection->group('media', Object(Closure))
 5 SYSTEMPATH\Router\RouteCollection.php(799): CodeIgniter\Router\RouteCollection->{closure:C:\project\new_perumahan\app\Config\Routes.php:45}(Object(CodeIgniter\Router\RouteCollection))
 6 APPPATH\Config\Routes.php(45): CodeIgniter\Router\RouteCollection->group('admin', [...], Object(Closure))
 7 SYSTEMPATH\Router\RouteCollection.php(339): require('C:\\project\\new_perumahan\\app\\Config\\Routes.php')
 8 SYSTEMPATH\CodeIgniter.php(841): CodeIgniter\Router\RouteCollection->loadRoutes()
 9 SYSTEMPATH\CodeIgniter.php(464): CodeIgniter\CodeIgniter->tryToRouteIt(null)
10 SYSTEMPATH\CodeIgniter.php(363): CodeIgniter\CodeIgniter->handleRequest(null, Object(Config\Cache), false)
11 SYSTEMPATH\Boot.php(417): CodeIgniter\CodeIgniter->run()
12 SYSTEMPATH\Boot.php(68): CodeIgniter\Boot::runCodeIgniter(Object(CodeIgniter\CodeIgniter))
13 FCPATH\index.php(59): CodeIgniter\Boot::bootWeb(Object(Config\Paths))
14 SYSTEMPATH\rewrite.php(44): require_once('C:\\project\\new_perumahan\\public\\index.php')
DEBUG - 2026-09-26 02:49:46 --> Session: Class initialized using 'CodeIgniter\Session\Handlers\FileHandler' driver.
WARNING - 2026-09-26 02:49:48 --> [DEPRECATED] Passing lowercase HTTP method "get" is deprecated. Use uppercase HTTP method like "GET". in SYSTEMPATH\Router\RouteCollection.php on line 1026.
 1 SYSTEMPATH\Router\RouteCollection.php(1026): trigger_error('Passing lowercase HTTP method "get" is deprecated. Use uppercase HTTP method like "GET".', 16384)
 2 APPPATH\Config\Routes.php(83): CodeIgniter\Router\RouteCollection->match([...], 'connector', 'Admin\\Media::connector')
 3 SYSTEMPATH\Router\RouteCollection.php(799): CodeIgniter\Router\RouteCollection->{closure:{closure:C:\project\new_perumahan\app\Config\Routes.php:45}:79}(Object(CodeIgniter\Router\RouteCollection))
 4 APPPATH\Config\Routes.php(79): CodeIgniter\Router\RouteCollection->group('media', Object(Closure))
 5 SYSTEMPATH\Router\RouteCollection.php(799): CodeIgniter\Router\RouteCollection->{closure:C:\project\new_perumahan\app\Config\Routes.php:45}(Object(CodeIgniter\Router\RouteCollection))
 6 APPPATH\Config\Routes.php(45): CodeIgniter\Router\RouteCollection->group('admin', [...], Object(Closure))
 7 SYSTEMPATH\Router\RouteCollection.php(339): require('C:\\project\\new_perumahan\\app\\Config\\Routes.php')
 8 SYSTEMPATH\CodeIgniter.php(841): CodeIgniter\Router\RouteCollection->loadRoutes()
 9 SYSTEMPATH\CodeIgniter.php(464): CodeIgniter\CodeIgniter->tryToRouteIt(null)
10 SYSTEMPATH\CodeIgniter.php(363): CodeIgniter\CodeIgniter->handleRequest(null, Object(Config\Cache), false)
11 SYSTEMPATH\Boot.php(417): CodeIgniter\CodeIgniter->run()
12 SYSTEMPATH\Boot.php(68): CodeIgniter\Boot::runCodeIgniter(Object(CodeIgniter\CodeIgniter))
13 FCPATH\index.php(59): CodeIgniter\Boot::bootWeb(Object(Config\Paths))
14 SYSTEMPATH\rewrite.php(44): require_once('C:\\project\\new_perumahan\\public\\index.php')
WARNING - 2026-09-26 02:49:48 --> [DEPRECATED] Passing lowercase HTTP method "post" is deprecated. Use uppercase HTTP method like "POST". in SYSTEMPATH\Router\RouteCollection.php on line 1026.
 1 SYSTEMPATH\Router\RouteCollection.php(1026): trigger_error('Passing lowercase HTTP method "post" is deprecated. Use uppercase HTTP method like "POST".', 16384)
 2 APPPATH\Config\Routes.php(83): CodeIgniter\Router\RouteCollection->match([...], 'connector', 'Admin\\Media::connector')
 3 SYSTEMPATH\Router\RouteCollection.php(799): CodeIgniter\Router\RouteCollection->{closure:{closure:C:\project\new_perumahan\app\Config\Routes.php:45}:79}(Object(CodeIgniter\Router\RouteCollection))
 4 APPPATH\Config\Routes.php(79): CodeIgniter\Router\RouteCollection->group('media', Object(Closure))
 5 SYSTEMPATH\Router\RouteCollection.php(799): CodeIgniter\Router\RouteCollection->{closure:C:\project\new_perumahan\app\Config\Routes.php:45}(Object(CodeIgniter\Router\RouteCollection))
 6 APPPATH\Config\Routes.php(45): CodeIgniter\Router\RouteCollection->group('admin', [...], Object(Closure))
 7 SYSTEMPATH\Router\RouteCollection.php(339): require('C:\\project\\new_perumahan\\app\\Config\\Routes.php')
 8 SYSTEMPATH\CodeIgniter.php(841): CodeIgniter\Router\RouteCollection->loadRoutes()
 9 SYSTEMPATH\CodeIgniter.php(464): CodeIgniter\CodeIgniter->tryToRouteIt(null)
10 SYSTEMPATH\CodeIgniter.php(363): CodeIgniter\CodeIgniter->handleRequest(null, Object(Config\Cache), false)
11 SYSTEMPATH\Boot.php(417): CodeIgniter\CodeIgniter->run()
12 SYSTEMPATH\Boot.php(68): CodeIgniter\Boot::runCodeIgniter(Object(CodeIgniter\CodeIgniter))
13 FCPATH\index.php(59): CodeIgniter\Boot::bootWeb(Object(Config\Paths))
14 SYSTEMPATH\rewrite.php(44): require_once('C:\\project\\new_perumahan\\public\\index.php')
DEBUG - 2026-09-26 02:49:48 --> Session: Class initialized using 'CodeIgniter\Session\Handlers\FileHandler' driver.
WARNING - 2026-09-26 02:49:54 --> [DEPRECATED] Passing lowercase HTTP method "get" is deprecated. Use uppercase HTTP method like "GET". in SYSTEMPATH\Router\RouteCollection.php on line 1026.
 1 SYSTEMPATH\Router\RouteCollection.php(1026): trigger_error('Passing lowercase HTTP method "get" is deprecated. Use uppercase HTTP method like "GET".', 16384)
 2 APPPATH\Config\Routes.php(83): CodeIgniter\Router\RouteCollection->match([...], 'connector', 'Admin\\Media::connector')
 3 SYSTEMPATH\Router\RouteCollection.php(799): CodeIgniter\Router\RouteCollection->{closure:{closure:C:\project\new_perumahan\app\Config\Routes.php:45}:79}(Object(CodeIgniter\Router\RouteCollection))
 4 APPPATH\Config\Routes.php(79): CodeIgniter\Router\RouteCollection->group('media', Object(Closure))
 5 SYSTEMPATH\Router\RouteCollection.php(799): CodeIgniter\Router\RouteCollection->{closure:C:\project\new_perumahan\app\Config\Routes.php:45}(Object(CodeIgniter\Router\RouteCollection))
 6 APPPATH\Config\Routes.php(45): CodeIgniter\Router\RouteCollection->group('admin', [...], Object(Closure))
 7 SYSTEMPATH\Router\RouteCollection.php(339): require('C:\\project\\new_perumahan\\app\\Config\\Routes.php')
 8 SYSTEMPATH\CodeIgniter.php(841): CodeIgniter\Router\RouteCollection->loadRoutes()
 9 SYSTEMPATH\CodeIgniter.php(464): CodeIgniter\CodeIgniter->tryToRouteIt(null)
10 SYSTEMPATH\CodeIgniter.php(363): CodeIgniter\CodeIgniter->handleRequest(null, Object(Config\Cache), false)
11 SYSTEMPATH\Boot.php(417): CodeIgniter\CodeIgniter->run()
12 SYSTEMPATH\Boot.php(68): CodeIgniter\Boot::runCodeIgniter(Object(CodeIgniter\CodeIgniter))
13 FCPATH\index.php(59): CodeIgniter\Boot::bootWeb(Object(Config\Paths))
14 SYSTEMPATH\rewrite.php(44): require_once('C:\\project\\new_perumahan\\public\\index.php')
WARNING - 2026-09-26 02:49:54 --> [DEPRECATED] Passing lowercase HTTP method "post" is deprecated. Use uppercase HTTP method like "POST". in SYSTEMPATH\Router\RouteCollection.php on line 1026.
 1 SYSTEMPATH\Router\RouteCollection.php(1026): trigger_error('Passing lowercase HTTP method "post" is deprecated. Use uppercase HTTP method like "POST".', 16384)
 2 APPPATH\Config\Routes.php(83): CodeIgniter\Router\RouteCollection->match([...], 'connector', 'Admin\\Media::connector')
 3 SYSTEMPATH\Router\RouteCollection.php(799): CodeIgniter\Router\RouteCollection->{closure:{closure:C:\project\new_perumahan\app\Config\Routes.php:45}:79}(Object(CodeIgniter\Router\RouteCollection))
 4 APPPATH\Config\Routes.php(79): CodeIgniter\Router\RouteCollection->group('media', Object(Closure))
 5 SYSTEMPATH\Router\RouteCollection.php(799): CodeIgniter\Router\RouteCollection->{closure:C:\project\new_perumahan\app\Config\Routes.php:45}(Object(CodeIgniter\Router\RouteCollection))
 6 APPPATH\Config\Routes.php(45): CodeIgniter\Router\RouteCollection->group('admin', [...], Object(Closure))
 7 SYSTEMPATH\Router\RouteCollection.php(339): require('C:\\project\\new_perumahan\\app\\Config\\Routes.php')
 8 SYSTEMPATH\CodeIgniter.php(841): CodeIgniter\Router\RouteCollection->loadRoutes()
 9 SYSTEMPATH\CodeIgniter.php(464): CodeIgniter\CodeIgniter->tryToRouteIt(null)
10 SYSTEMPATH\CodeIgniter.php(363): CodeIgniter\CodeIgniter->handleRequest(null, Object(Config\Cache), false)
11 SYSTEMPATH\Boot.php(417): CodeIgniter\CodeIgniter->run()
12 SYSTEMPATH\Boot.php(68): CodeIgniter\Boot::runCodeIgniter(Object(CodeIgniter\CodeIgniter))
13 FCPATH\index.php(59): CodeIgniter\Boot::bootWeb(Object(Config\Paths))
14 SYSTEMPATH\rewrite.php(44): require_once('C:\\project\\new_perumahan\\public\\index.php')
DEBUG - 2026-09-26 02:49:54 --> Session: Class initialized using 'CodeIgniter\Session\Handlers\FileHandler' driver.
WARNING - 2026-09-26 02:49:59 --> [DEPRECATED] Passing lowercase HTTP method "get" is deprecated. Use uppercase HTTP method like "GET". in SYSTEMPATH\Router\RouteCollection.php on line 1026.
 1 SYSTEMPATH\Router\RouteCollection.php(1026): trigger_error('Passing lowercase HTTP method "get" is deprecated. Use uppercase HTTP method like "GET".', 16384)
 2 APPPATH\Config\Routes.php(83): CodeIgniter\Router\RouteCollection->match([...], 'connector', 'Admin\\Media::connector')
 3 SYSTEMPATH\Router\RouteCollection.php(799): CodeIgniter\Router\RouteCollection->{closure:{closure:C:\project\new_perumahan\app\Config\Routes.php:45}:79}(Object(CodeIgniter\Router\RouteCollection))
 4 APPPATH\Config\Routes.php(79): CodeIgniter\Router\RouteCollection->group('media', Object(Closure))
 5 SYSTEMPATH\Router\RouteCollection.php(799): CodeIgniter\Router\RouteCollection->{closure:C:\project\new_perumahan\app\Config\Routes.php:45}(Object(CodeIgniter\Router\RouteCollection))
 6 APPPATH\Config\Routes.php(45): CodeIgniter\Router\RouteCollection->group('admin', [...], Object(Closure))
 7 SYSTEMPATH\Router\RouteCollection.php(339): require('C:\\project\\new_perumahan\\app\\Config\\Routes.php')
 8 SYSTEMPATH\CodeIgniter.php(841): CodeIgniter\Router\RouteCollection->loadRoutes()
 9 SYSTEMPATH\CodeIgniter.php(464): CodeIgniter\CodeIgniter->tryToRouteIt(null)
10 SYSTEMPATH\CodeIgniter.php(363): CodeIgniter\CodeIgniter->handleRequest(null, Object(Config\Cache), false)
11 SYSTEMPATH\Boot.php(417): CodeIgniter\CodeIgniter->run()
12 SYSTEMPATH\Boot.php(68): CodeIgniter\Boot::runCodeIgniter(Object(CodeIgniter\CodeIgniter))
13 FCPATH\index.php(59): CodeIgniter\Boot::bootWeb(Object(Config\Paths))
14 SYSTEMPATH\rewrite.php(44): require_once('C:\\project\\new_perumahan\\public\\index.php')
WARNING - 2026-09-26 02:49:59 --> [DEPRECATED] Passing lowercase HTTP method "post" is deprecated. Use uppercase HTTP method like "POST". in SYSTEMPATH\Router\RouteCollection.php on line 1026.
 1 SYSTEMPATH\Router\RouteCollection.php(1026): trigger_error('Passing lowercase HTTP method "post" is deprecated. Use uppercase HTTP method like "POST".', 16384)
 2 APPPATH\Config\Routes.php(83): CodeIgniter\Router\RouteCollection->match([...], 'connector', 'Admin\\Media::connector')
 3 SYSTEMPATH\Router\RouteCollection.php(799): CodeIgniter\Router\RouteCollection->{closure:{closure:C:\project\new_perumahan\app\Config\Routes.php:45}:79}(Object(CodeIgniter\Router\RouteCollection))
 4 APPPATH\Config\Routes.php(79): CodeIgniter\Router\RouteCollection->group('media', Object(Closure))
 5 SYSTEMPATH\Router\RouteCollection.php(799): CodeIgniter\Router\RouteCollection->{closure:C:\project\new_perumahan\app\Config\Routes.php:45}(Object(CodeIgniter\Router\RouteCollection))
 6 APPPATH\Config\Routes.php(45): CodeIgniter\Router\RouteCollection->group('admin', [...], Object(Closure))
 7 SYSTEMPATH\Router\RouteCollection.php(339): require('C:\\project\\new_perumahan\\app\\Config\\Routes.php')
 8 SYSTEMPATH\CodeIgniter.php(841): CodeIgniter\Router\RouteCollection->loadRoutes()
 9 SYSTEMPATH\CodeIgniter.php(464): CodeIgniter\CodeIgniter->tryToRouteIt(null)
10 SYSTEMPATH\CodeIgniter.php(363): CodeIgniter\CodeIgniter->handleRequest(null, Object(Config\Cache), false)
11 SYSTEMPATH\Boot.php(417): CodeIgniter\CodeIgniter->run()
12 SYSTEMPATH\Boot.php(68): CodeIgniter\Boot::runCodeIgniter(Object(CodeIgniter\CodeIgniter))
13 FCPATH\index.php(59): CodeIgniter\Boot::bootWeb(Object(Config\Paths))
14 SYSTEMPATH\rewrite.php(44): require_once('C:\\project\\new_perumahan\\public\\index.php')
DEBUG - 2026-09-26 02:49:59 --> Session: Class initialized using 'CodeIgniter\Session\Handlers\FileHandler' driver.
WARNING - 2026-09-26 02:50:14 --> [DEPRECATED] Passing lowercase HTTP method "get" is deprecated. Use uppercase HTTP method like "GET". in SYSTEMPATH\Router\RouteCollection.php on line 1026.
 1 SYSTEMPATH\Router\RouteCollection.php(1026): trigger_error('Passing lowercase HTTP method "get" is deprecated. Use uppercase HTTP method like "GET".', 16384)
 2 APPPATH\Config\Routes.php(83): CodeIgniter\Router\RouteCollection->match([...], 'connector', 'Admin\\Media::connector')
 3 SYSTEMPATH\Router\RouteCollection.php(799): CodeIgniter\Router\RouteCollection->{closure:{closure:C:\project\new_perumahan\app\Config\Routes.php:45}:79}(Object(CodeIgniter\Router\RouteCollection))
 4 APPPATH\Config\Routes.php(79): CodeIgniter\Router\RouteCollection->group('media', Object(Closure))
 5 SYSTEMPATH\Router\RouteCollection.php(799): CodeIgniter\Router\RouteCollection->{closure:C:\project\new_perumahan\app\Config\Routes.php:45}(Object(CodeIgniter\Router\RouteCollection))
 6 APPPATH\Config\Routes.php(45): CodeIgniter\Router\RouteCollection->group('admin', [...], Object(Closure))
 7 SYSTEMPATH\Router\RouteCollection.php(339): require('C:\\project\\new_perumahan\\app\\Config\\Routes.php')
 8 SYSTEMPATH\CodeIgniter.php(841): CodeIgniter\Router\RouteCollection->loadRoutes()
 9 SYSTEMPATH\CodeIgniter.php(464): CodeIgniter\CodeIgniter->tryToRouteIt(null)
10 SYSTEMPATH\CodeIgniter.php(363): CodeIgniter\CodeIgniter->handleRequest(null, Object(Config\Cache), false)
11 SYSTEMPATH\Boot.php(417): CodeIgniter\CodeIgniter->run()
12 SYSTEMPATH\Boot.php(68): CodeIgniter\Boot::runCodeIgniter(Object(CodeIgniter\CodeIgniter))
13 FCPATH\index.php(59): CodeIgniter\Boot::bootWeb(Object(Config\Paths))
14 SYSTEMPATH\rewrite.php(44): require_once('C:\\project\\new_perumahan\\public\\index.php')
WARNING - 2026-09-26 02:50:14 --> [DEPRECATED] Passing lowercase HTTP method "post" is deprecated. Use uppercase HTTP method like "POST". in SYSTEMPATH\Router\RouteCollection.php on line 1026.
 1 SYSTEMPATH\Router\RouteCollection.php(1026): trigger_error('Passing lowercase HTTP method "post" is deprecated. Use uppercase HTTP method like "POST".', 16384)
 2 APPPATH\Config\Routes.php(83): CodeIgniter\Router\RouteCollection->match([...], 'connector', 'Admin\\Media::connector')
 3 SYSTEMPATH\Router\RouteCollection.php(799): CodeIgniter\Router\RouteCollection->{closure:{closure:C:\project\new_perumahan\app\Config\Routes.php:45}:79}(Object(CodeIgniter\Router\RouteCollection))
 4 APPPATH\Config\Routes.php(79): CodeIgniter\Router\RouteCollection->group('media', Object(Closure))
 5 SYSTEMPATH\Router\RouteCollection.php(799): CodeIgniter\Router\RouteCollection->{closure:C:\project\new_perumahan\app\Config\Routes.php:45}(Object(CodeIgniter\Router\RouteCollection))
 6 APPPATH\Config\Routes.php(45): CodeIgniter\Router\RouteCollection->group('admin', [...], Object(Closure))
 7 SYSTEMPATH\Router\RouteCollection.php(339): require('C:\\project\\new_perumahan\\app\\Config\\Routes.php')
 8 SYSTEMPATH\CodeIgniter.php(841): CodeIgniter\Router\RouteCollection->loadRoutes()
 9 SYSTEMPATH\CodeIgniter.php(464): CodeIgniter\CodeIgniter->tryToRouteIt(null)
10 SYSTEMPATH\CodeIgniter.php(363): CodeIgniter\CodeIgniter->handleRequest(null, Object(Config\Cache), false)
11 SYSTEMPATH\Boot.php(417): CodeIgniter\CodeIgniter->run()
12 SYSTEMPATH\Boot.php(68): CodeIgniter\Boot::runCodeIgniter(Object(CodeIgniter\CodeIgniter))
13 FCPATH\index.php(59): CodeIgniter\Boot::bootWeb(Object(Config\Paths))
14 SYSTEMPATH\rewrite.php(44): require_once('C:\\project\\new_perumahan\\public\\index.php')
DEBUG - 2026-09-26 02:50:14 --> Session: Class initialized using 'CodeIgniter\Session\Handlers\FileHandler' driver.
WARNING - 2026-09-26 02:50:34 --> [DEPRECATED] Passing lowercase HTTP method "get" is deprecated. Use uppercase HTTP method like "GET". in SYSTEMPATH\Router\RouteCollection.php on line 1026.
 1 SYSTEMPATH\Router\RouteCollection.php(1026): trigger_error('Passing lowercase HTTP method "get" is deprecated. Use uppercase HTTP method like "GET".', 16384)
 2 APPPATH\Config\Routes.php(83): CodeIgniter\Router\RouteCollection->match([...], 'connector', 'Admin\\Media::connector')
 3 SYSTEMPATH\Router\RouteCollection.php(799): CodeIgniter\Router\RouteCollection->{closure:{closure:C:\project\new_perumahan\app\Config\Routes.php:45}:79}(Object(CodeIgniter\Router\RouteCollection))
 4 APPPATH\Config\Routes.php(79): CodeIgniter\Router\RouteCollection->group('media', Object(Closure))
 5 SYSTEMPATH\Router\RouteCollection.php(799): CodeIgniter\Router\RouteCollection->{closure:C:\project\new_perumahan\app\Config\Routes.php:45}(Object(CodeIgniter\Router\RouteCollection))
 6 APPPATH\Config\Routes.php(45): CodeIgniter\Router\RouteCollection->group('admin', [...], Object(Closure))
 7 SYSTEMPATH\Router\RouteCollection.php(339): require('C:\\project\\new_perumahan\\app\\Config\\Routes.php')
 8 SYSTEMPATH\CodeIgniter.php(841): CodeIgniter\Router\RouteCollection->loadRoutes()
 9 SYSTEMPATH\CodeIgniter.php(464): CodeIgniter\CodeIgniter->tryToRouteIt(null)
10 SYSTEMPATH\CodeIgniter.php(363): CodeIgniter\CodeIgniter->handleRequest(null, Object(Config\Cache), false)
11 SYSTEMPATH\Boot.php(417): CodeIgniter\CodeIgniter->run()
12 SYSTEMPATH\Boot.php(68): CodeIgniter\Boot::runCodeIgniter(Object(CodeIgniter\CodeIgniter))
13 FCPATH\index.php(59): CodeIgniter\Boot::bootWeb(Object(Config\Paths))
14 SYSTEMPATH\rewrite.php(44): require_once('C:\\project\\new_perumahan\\public\\index.php')
WARNING - 2026-09-26 02:50:34 --> [DEPRECATED] Passing lowercase HTTP method "post" is deprecated. Use uppercase HTTP method like "POST". in SYSTEMPATH\Router\RouteCollection.php on line 1026.
 1 SYSTEMPATH\Router\RouteCollection.php(1026): trigger_error('Passing lowercase HTTP method "post" is deprecated. Use uppercase HTTP method like "POST".', 16384)
 2 APPPATH\Config\Routes.php(83): CodeIgniter\Router\RouteCollection->match([...], 'connector', 'Admin\\Media::connector')
 3 SYSTEMPATH\Router\RouteCollection.php(799): CodeIgniter\Router\RouteCollection->{closure:{closure:C:\project\new_perumahan\app\Config\Routes.php:45}:79}(Object(CodeIgniter\Router\RouteCollection))
 4 APPPATH\Config\Routes.php(79): CodeIgniter\Router\RouteCollection->group('media', Object(Closure))
 5 SYSTEMPATH\Router\RouteCollection.php(799): CodeIgniter\Router\RouteCollection->{closure:C:\project\new_perumahan\app\Config\Routes.php:45}(Object(CodeIgniter\Router\RouteCollection))
 6 APPPATH\Config\Routes.php(45): CodeIgniter\Router\RouteCollection->group('admin', [...], Object(Closure))
 7 SYSTEMPATH\Router\RouteCollection.php(339): require('C:\\project\\new_perumahan\\app\\Config\\Routes.php')
 8 SYSTEMPATH\CodeIgniter.php(841): CodeIgniter\Router\RouteCollection->loadRoutes()
 9 SYSTEMPATH\CodeIgniter.php(464): CodeIgniter\CodeIgniter->tryToRouteIt(null)
10 SYSTEMPATH\CodeIgniter.php(363): CodeIgniter\CodeIgniter->handleRequest(null, Object(Config\Cache), false)
11 SYSTEMPATH\Boot.php(417): CodeIgniter\CodeIgniter->run()
12 SYSTEMPATH\Boot.php(68): CodeIgniter\Boot::runCodeIgniter(Object(CodeIgniter\CodeIgniter))
13 FCPATH\index.php(59): CodeIgniter\Boot::bootWeb(Object(Config\Paths))
14 SYSTEMPATH\rewrite.php(44): require_once('C:\\project\\new_perumahan\\public\\index.php')
DEBUG - 2026-09-26 02:50:34 --> Session: Class initialized using 'CodeIgniter\Session\Handlers\FileHandler' driver.
WARNING - 2026-09-26 02:50:40 --> [DEPRECATED] Passing lowercase HTTP method "get" is deprecated. Use uppercase HTTP method like "GET". in SYSTEMPATH\Router\RouteCollection.php on line 1026.
 1 SYSTEMPATH\Router\RouteCollection.php(1026): trigger_error('Passing lowercase HTTP method "get" is deprecated. Use uppercase HTTP method like "GET".', 16384)
 2 APPPATH\Config\Routes.php(83): CodeIgniter\Router\RouteCollection->match([...], 'connector', 'Admin\\Media::connector')
 3 SYSTEMPATH\Router\RouteCollection.php(799): CodeIgniter\Router\RouteCollection->{closure:{closure:C:\project\new_perumahan\app\Config\Routes.php:45}:79}(Object(CodeIgniter\Router\RouteCollection))
 4 APPPATH\Config\Routes.php(79): CodeIgniter\Router\RouteCollection->group('media', Object(Closure))
 5 SYSTEMPATH\Router\RouteCollection.php(799): CodeIgniter\Router\RouteCollection->{closure:C:\project\new_perumahan\app\Config\Routes.php:45}(Object(CodeIgniter\Router\RouteCollection))
 6 APPPATH\Config\Routes.php(45): CodeIgniter\Router\RouteCollection->group('admin', [...], Object(Closure))
 7 SYSTEMPATH\Router\RouteCollection.php(339): require('C:\\project\\new_perumahan\\app\\Config\\Routes.php')
 8 SYSTEMPATH\CodeIgniter.php(841): CodeIgniter\Router\RouteCollection->loadRoutes()
 9 SYSTEMPATH\CodeIgniter.php(464): CodeIgniter\CodeIgniter->tryToRouteIt(null)
10 SYSTEMPATH\CodeIgniter.php(363): CodeIgniter\CodeIgniter->handleRequest(null, Object(Config\Cache), false)
11 SYSTEMPATH\Boot.php(417): CodeIgniter\CodeIgniter->run()
12 SYSTEMPATH\Boot.php(68): CodeIgniter\Boot::runCodeIgniter(Object(CodeIgniter\CodeIgniter))
13 FCPATH\index.php(59): CodeIgniter\Boot::bootWeb(Object(Config\Paths))
14 SYSTEMPATH\rewrite.php(44): require_once('C:\\project\\new_perumahan\\public\\index.php')
WARNING - 2026-09-26 02:50:40 --> [DEPRECATED] Passing lowercase HTTP method "post" is deprecated. Use uppercase HTTP method like "POST". in SYSTEMPATH\Router\RouteCollection.php on line 1026.
 1 SYSTEMPATH\Router\RouteCollection.php(1026): trigger_error('Passing lowercase HTTP method "post" is deprecated. Use uppercase HTTP method like "POST".', 16384)
 2 APPPATH\Config\Routes.php(83): CodeIgniter\Router\RouteCollection->match([...], 'connector', 'Admin\\Media::connector')
 3 SYSTEMPATH\Router\RouteCollection.php(799): CodeIgniter\Router\RouteCollection->{closure:{closure:C:\project\new_perumahan\app\Config\Routes.php:45}:79}(Object(CodeIgniter\Router\RouteCollection))
 4 APPPATH\Config\Routes.php(79): CodeIgniter\Router\RouteCollection->group('media', Object(Closure))
 5 SYSTEMPATH\Router\RouteCollection.php(799): CodeIgniter\Router\RouteCollection->{closure:C:\project\new_perumahan\app\Config\Routes.php:45}(Object(CodeIgniter\Router\RouteCollection))
 6 APPPATH\Config\Routes.php(45): CodeIgniter\Router\RouteCollection->group('admin', [...], Object(Closure))
 7 SYSTEMPATH\Router\RouteCollection.php(339): require('C:\\project\\new_perumahan\\app\\Config\\Routes.php')
 8 SYSTEMPATH\CodeIgniter.php(841): CodeIgniter\Router\RouteCollection->loadRoutes()
 9 SYSTEMPATH\CodeIgniter.php(464): CodeIgniter\CodeIgniter->tryToRouteIt(null)
10 SYSTEMPATH\CodeIgniter.php(363): CodeIgniter\CodeIgniter->handleRequest(null, Object(Config\Cache), false)
11 SYSTEMPATH\Boot.php(417): CodeIgniter\CodeIgniter->run()
12 SYSTEMPATH\Boot.php(68): CodeIgniter\Boot::runCodeIgniter(Object(CodeIgniter\CodeIgniter))
13 FCPATH\index.php(59): CodeIgniter\Boot::bootWeb(Object(Config\Paths))
14 SYSTEMPATH\rewrite.php(44): require_once('C:\\project\\new_perumahan\\public\\index.php')
DEBUG - 2026-09-26 02:50:40 --> Session: Class initialized using 'CodeIgniter\Session\Handlers\FileHandler' driver.
WARNING - 2026-09-26 02:50:44 --> [DEPRECATED] Passing lowercase HTTP method "get" is deprecated. Use uppercase HTTP method like "GET". in SYSTEMPATH\Router\RouteCollection.php on line 1026.
 1 SYSTEMPATH\Router\RouteCollection.php(1026): trigger_error('Passing lowercase HTTP method "get" is deprecated. Use uppercase HTTP method like "GET".', 16384)
 2 APPPATH\Config\Routes.php(83): CodeIgniter\Router\RouteCollection->match([...], 'connector', 'Admin\\Media::connector')
 3 SYSTEMPATH\Router\RouteCollection.php(799): CodeIgniter\Router\RouteCollection->{closure:{closure:C:\project\new_perumahan\app\Config\Routes.php:45}:79}(Object(CodeIgniter\Router\RouteCollection))
 4 APPPATH\Config\Routes.php(79): CodeIgniter\Router\RouteCollection->group('media', Object(Closure))
 5 SYSTEMPATH\Router\RouteCollection.php(799): CodeIgniter\Router\RouteCollection->{closure:C:\project\new_perumahan\app\Config\Routes.php:45}(Object(CodeIgniter\Router\RouteCollection))
 6 APPPATH\Config\Routes.php(45): CodeIgniter\Router\RouteCollection->group('admin', [...], Object(Closure))
 7 SYSTEMPATH\Router\RouteCollection.php(339): require('C:\\project\\new_perumahan\\app\\Config\\Routes.php')
 8 SYSTEMPATH\CodeIgniter.php(841): CodeIgniter\Router\RouteCollection->loadRoutes()
 9 SYSTEMPATH\CodeIgniter.php(464): CodeIgniter\CodeIgniter->tryToRouteIt(null)
10 SYSTEMPATH\CodeIgniter.php(363): CodeIgniter\CodeIgniter->handleRequest(null, Object(Config\Cache), false)
11 SYSTEMPATH\Boot.php(417): CodeIgniter\CodeIgniter->run()
12 SYSTEMPATH\Boot.php(68): CodeIgniter\Boot::runCodeIgniter(Object(CodeIgniter\CodeIgniter))
13 FCPATH\index.php(59): CodeIgniter\Boot::bootWeb(Object(Config\Paths))
14 SYSTEMPATH\rewrite.php(44): require_once('C:\\project\\new_perumahan\\public\\index.php')
WARNING - 2026-09-26 02:50:44 --> [DEPRECATED] Passing lowercase HTTP method "post" is deprecated. Use uppercase HTTP method like "POST". in SYSTEMPATH\Router\RouteCollection.php on line 1026.
 1 SYSTEMPATH\Router\RouteCollection.php(1026): trigger_error('Passing lowercase HTTP method "post" is deprecated. Use uppercase HTTP method like "POST".', 16384)
 2 APPPATH\Config\Routes.php(83): CodeIgniter\Router\RouteCollection->match([...], 'connector', 'Admin\\Media::connector')
 3 SYSTEMPATH\Router\RouteCollection.php(799): CodeIgniter\Router\RouteCollection->{closure:{closure:C:\project\new_perumahan\app\Config\Routes.php:45}:79}(Object(CodeIgniter\Router\RouteCollection))
 4 APPPATH\Config\Routes.php(79): CodeIgniter\Router\RouteCollection->group('media', Object(Closure))
 5 SYSTEMPATH\Router\RouteCollection.php(799): CodeIgniter\Router\RouteCollection->{closure:C:\project\new_perumahan\app\Config\Routes.php:45}(Object(CodeIgniter\Router\RouteCollection))
 6 APPPATH\Config\Routes.php(45): CodeIgniter\Router\RouteCollection->group('admin', [...], Object(Closure))
 7 SYSTEMPATH\Router\RouteCollection.php(339): require('C:\\project\\new_perumahan\\app\\Config\\Routes.php')
 8 SYSTEMPATH\CodeIgniter.php(841): CodeIgniter\Router\RouteCollection->loadRoutes()
 9 SYSTEMPATH\CodeIgniter.php(464): CodeIgniter\CodeIgniter->tryToRouteIt(null)
10 SYSTEMPATH\CodeIgniter.php(363): CodeIgniter\CodeIgniter->handleRequest(null, Object(Config\Cache), false)
11 SYSTEMPATH\Boot.php(417): CodeIgniter\CodeIgniter->run()
12 SYSTEMPATH\Boot.php(68): CodeIgniter\Boot::runCodeIgniter(Object(CodeIgniter\CodeIgniter))
13 FCPATH\index.php(59): CodeIgniter\Boot::bootWeb(Object(Config\Paths))
14 SYSTEMPATH\rewrite.php(44): require_once('C:\\project\\new_perumahan\\public\\index.php')
DEBUG - 2026-09-26 02:50:44 --> Session: Class initialized using 'CodeIgniter\Session\Handlers\FileHandler' driver.
WARNING - 2026-09-26 02:50:45 --> [DEPRECATED] Passing lowercase HTTP method "get" is deprecated. Use uppercase HTTP method like "GET". in SYSTEMPATH\Router\RouteCollection.php on line 1026.
 1 SYSTEMPATH\Router\RouteCollection.php(1026): trigger_error('Passing lowercase HTTP method "get" is deprecated. Use uppercase HTTP method like "GET".', 16384)
 2 APPPATH\Config\Routes.php(83): CodeIgniter\Router\RouteCollection->match([...], 'connector', 'Admin\\Media::connector')
 3 SYSTEMPATH\Router\RouteCollection.php(799): CodeIgniter\Router\RouteCollection->{closure:{closure:C:\project\new_perumahan\app\Config\Routes.php:45}:79}(Object(CodeIgniter\Router\RouteCollection))
 4 APPPATH\Config\Routes.php(79): CodeIgniter\Router\RouteCollection->group('media', Object(Closure))
 5 SYSTEMPATH\Router\RouteCollection.php(799): CodeIgniter\Router\RouteCollection->{closure:C:\project\new_perumahan\app\Config\Routes.php:45}(Object(CodeIgniter\Router\RouteCollection))
 6 APPPATH\Config\Routes.php(45): CodeIgniter\Router\RouteCollection->group('admin', [...], Object(Closure))
 7 SYSTEMPATH\Router\RouteCollection.php(339): require('C:\\project\\new_perumahan\\app\\Config\\Routes.php')
 8 SYSTEMPATH\CodeIgniter.php(841): CodeIgniter\Router\RouteCollection->loadRoutes()
 9 SYSTEMPATH\CodeIgniter.php(464): CodeIgniter\CodeIgniter->tryToRouteIt(null)
10 SYSTEMPATH\CodeIgniter.php(363): CodeIgniter\CodeIgniter->handleRequest(null, Object(Config\Cache), false)
11 SYSTEMPATH\Boot.php(417): CodeIgniter\CodeIgniter->run()
12 SYSTEMPATH\Boot.php(68): CodeIgniter\Boot::runCodeIgniter(Object(CodeIgniter\CodeIgniter))
13 FCPATH\index.php(59): CodeIgniter\Boot::bootWeb(Object(Config\Paths))
14 SYSTEMPATH\rewrite.php(44): require_once('C:\\project\\new_perumahan\\public\\index.php')
WARNING - 2026-09-26 02:50:45 --> [DEPRECATED] Passing lowercase HTTP method "post" is deprecated. Use uppercase HTTP method like "POST". in SYSTEMPATH\Router\RouteCollection.php on line 1026.
 1 SYSTEMPATH\Router\RouteCollection.php(1026): trigger_error('Passing lowercase HTTP method "post" is deprecated. Use uppercase HTTP method like "POST".', 16384)
 2 APPPATH\Config\Routes.php(83): CodeIgniter\Router\RouteCollection->match([...], 'connector', 'Admin\\Media::connector')
 3 SYSTEMPATH\Router\RouteCollection.php(799): CodeIgniter\Router\RouteCollection->{closure:{closure:C:\project\new_perumahan\app\Config\Routes.php:45}:79}(Object(CodeIgniter\Router\RouteCollection))
 4 APPPATH\Config\Routes.php(79): CodeIgniter\Router\RouteCollection->group('media', Object(Closure))
 5 SYSTEMPATH\Router\RouteCollection.php(799): CodeIgniter\Router\RouteCollection->{closure:C:\project\new_perumahan\app\Config\Routes.php:45}(Object(CodeIgniter\Router\RouteCollection))
 6 APPPATH\Config\Routes.php(45): CodeIgniter\Router\RouteCollection->group('admin', [...], Object(Closure))
 7 SYSTEMPATH\Router\RouteCollection.php(339): require('C:\\project\\new_perumahan\\app\\Config\\Routes.php')
 8 SYSTEMPATH\CodeIgniter.php(841): CodeIgniter\Router\RouteCollection->loadRoutes()
 9 SYSTEMPATH\CodeIgniter.php(464): CodeIgniter\CodeIgniter->tryToRouteIt(null)
10 SYSTEMPATH\CodeIgniter.php(363): CodeIgniter\CodeIgniter->handleRequest(null, Object(Config\Cache), false)
11 SYSTEMPATH\Boot.php(417): CodeIgniter\CodeIgniter->run()
12 SYSTEMPATH\Boot.php(68): CodeIgniter\Boot::runCodeIgniter(Object(CodeIgniter\CodeIgniter))
13 FCPATH\index.php(59): CodeIgniter\Boot::bootWeb(Object(Config\Paths))
14 SYSTEMPATH\rewrite.php(44): require_once('C:\\project\\new_perumahan\\public\\index.php')
DEBUG - 2026-09-26 02:50:45 --> Session: Class initialized using 'CodeIgniter\Session\Handlers\FileHandler' driver.
WARNING - 2026-09-26 02:51:16 --> [DEPRECATED] Passing lowercase HTTP method "get" is deprecated. Use uppercase HTTP method like "GET". in SYSTEMPATH\Router\RouteCollection.php on line 1026.
 1 SYSTEMPATH\Router\RouteCollection.php(1026): trigger_error('Passing lowercase HTTP method "get" is deprecated. Use uppercase HTTP method like "GET".', 16384)
 2 APPPATH\Config\Routes.php(83): CodeIgniter\Router\RouteCollection->match([...], 'connector', 'Admin\\Media::connector')
 3 SYSTEMPATH\Router\RouteCollection.php(799): CodeIgniter\Router\RouteCollection->{closure:{closure:C:\project\new_perumahan\app\Config\Routes.php:45}:79}(Object(CodeIgniter\Router\RouteCollection))
 4 APPPATH\Config\Routes.php(79): CodeIgniter\Router\RouteCollection->group('media', Object(Closure))
 5 SYSTEMPATH\Router\RouteCollection.php(799): CodeIgniter\Router\RouteCollection->{closure:C:\project\new_perumahan\app\Config\Routes.php:45}(Object(CodeIgniter\Router\RouteCollection))
 6 APPPATH\Config\Routes.php(45): CodeIgniter\Router\RouteCollection->group('admin', [...], Object(Closure))
 7 SYSTEMPATH\Router\RouteCollection.php(339): require('C:\\project\\new_perumahan\\app\\Config\\Routes.php')
 8 SYSTEMPATH\CodeIgniter.php(841): CodeIgniter\Router\RouteCollection->loadRoutes()
 9 SYSTEMPATH\CodeIgniter.php(464): CodeIgniter\CodeIgniter->tryToRouteIt(null)
10 SYSTEMPATH\CodeIgniter.php(363): CodeIgniter\CodeIgniter->handleRequest(null, Object(Config\Cache), false)
11 SYSTEMPATH\Boot.php(417): CodeIgniter\CodeIgniter->run()
12 SYSTEMPATH\Boot.php(68): CodeIgniter\Boot::runCodeIgniter(Object(CodeIgniter\CodeIgniter))
13 FCPATH\index.php(59): CodeIgniter\Boot::bootWeb(Object(Config\Paths))
14 SYSTEMPATH\rewrite.php(44): require_once('C:\\project\\new_perumahan\\public\\index.php')
WARNING - 2026-09-26 02:51:16 --> [DEPRECATED] Passing lowercase HTTP method "post" is deprecated. Use uppercase HTTP method like "POST". in SYSTEMPATH\Router\RouteCollection.php on line 1026.
 1 SYSTEMPATH\Router\RouteCollection.php(1026): trigger_error('Passing lowercase HTTP method "post" is deprecated. Use uppercase HTTP method like "POST".', 16384)
 2 APPPATH\Config\Routes.php(83): CodeIgniter\Router\RouteCollection->match([...], 'connector', 'Admin\\Media::connector')
 3 SYSTEMPATH\Router\RouteCollection.php(799): CodeIgniter\Router\RouteCollection->{closure:{closure:C:\project\new_perumahan\app\Config\Routes.php:45}:79}(Object(CodeIgniter\Router\RouteCollection))
 4 APPPATH\Config\Routes.php(79): CodeIgniter\Router\RouteCollection->group('media', Object(Closure))
 5 SYSTEMPATH\Router\RouteCollection.php(799): CodeIgniter\Router\RouteCollection->{closure:C:\project\new_perumahan\app\Config\Routes.php:45}(Object(CodeIgniter\Router\RouteCollection))
 6 APPPATH\Config\Routes.php(45): CodeIgniter\Router\RouteCollection->group('admin', [...], Object(Closure))
 7 SYSTEMPATH\Router\RouteCollection.php(339): require('C:\\project\\new_perumahan\\app\\Config\\Routes.php')
 8 SYSTEMPATH\CodeIgniter.php(841): CodeIgniter\Router\RouteCollection->loadRoutes()
 9 SYSTEMPATH\CodeIgniter.php(464): CodeIgniter\CodeIgniter->tryToRouteIt(null)
10 SYSTEMPATH\CodeIgniter.php(363): CodeIgniter\CodeIgniter->handleRequest(null, Object(Config\Cache), false)
11 SYSTEMPATH\Boot.php(417): CodeIgniter\CodeIgniter->run()
12 SYSTEMPATH\Boot.php(68): CodeIgniter\Boot::runCodeIgniter(Object(CodeIgniter\CodeIgniter))
13 FCPATH\index.php(59): CodeIgniter\Boot::bootWeb(Object(Config\Paths))
14 SYSTEMPATH\rewrite.php(44): require_once('C:\\project\\new_perumahan\\public\\index.php')
DEBUG - 2026-09-26 02:51:16 --> Session: Class initialized using 'CodeIgniter\Session\Handlers\FileHandler' driver.
